13:05:03 **** Build of project lwip211_bsp ****
make -k all 
Running Make include in microblaze_0/libsrc/tmrctr_v4_5/src
make -C microblaze_0/libsrc/tmrctr_v4_5/src -s include  "SHELL=/bin/sh" "COMPILER=mb-gcc" "ARCHIVER=mb-ar" "COMPILER_FLAGS=  -O2 -c -mcpu=v11.0 -mlittle-endian -mxl-soft-mul" "EXTRA_COMPILER_FLAGS=-ffunction-sections -fdata-sections -Wall -Wextra"
Running Make include in microblaze_0/libsrc/axidma_v9_9/src
make -C microblaze_0/libsrc/axidma_v9_9/src -s include  "SHELL=/bin/sh" "COMPILER=mb-gcc" "ARCHIVER=mb-ar" "COMPILER_FLAGS=  -O2 -c -mcpu=v11.0 -mlittle-endian -mxl-soft-mul" "EXTRA_COMPILER_FLAGS=-ffunction-sections -fdata-sections -Wall -Wextra"
Running Make include in microblaze_0/libsrc/standalone_v7_0/src
make -C microblaze_0/libsrc/standalone_v7_0/src -s include  "SHELL=/bin/sh" "COMPILER=mb-gcc" "ARCHIVER=mb-ar" "COMPILER_FLAGS=  -O2 -c -mcpu=v11.0 -mlittle-endian -mxl-soft-mul" "EXTRA_COMPILER_FLAGS=-ffunction-sections -fdata-sections -Wall -Wextra"
Running Make include in microblaze_0/libsrc/spi_v4_4/src
make -C microblaze_0/libsrc/spi_v4_4/src -s include  "SHELL=/bin/sh" "COMPILER=mb-gcc" "ARCHIVER=mb-ar" "COMPILER_FLAGS=  -O2 -c -mcpu=v11.0 -mlittle-endian -mxl-soft-mul" "EXTRA_COMPILER_FLAGS=-ffunction-sections -fdata-sections -Wall -Wextra"
Running Make include in microblaze_0/libsrc/axiethernet_v5_9/src
make -C microblaze_0/libsrc/axiethernet_v5_9/src -s include  "SHELL=/bin/sh" "COMPILER=mb-gcc" "ARCHIVER=mb-ar" "COMPILER_FLAGS=  -O2 -c -mcpu=v11.0 -mlittle-endian -mxl-soft-mul" "EXTRA_COMPILER_FLAGS=-ffunction-sections -fdata-sections -Wall -Wextra"
Running Make include in microblaze_0/libsrc/uartns550_v3_5/src
make -C microblaze_0/libsrc/uartns550_v3_5/src -s include  "SHELL=/bin/sh" "COMPILER=mb-gcc" "ARCHIVER=mb-ar" "COMPILER_FLAGS=  -O2 -c -mcpu=v11.0 -mlittle-endian -mxl-soft-mul" "EXTRA_COMPILER_FLAGS=-ffunction-sections -fdata-sections -Wall -Wextra"
Running Make include in microblaze_0/libsrc/bram_v4_3/src
make -C microblaze_0/libsrc/bram_v4_3/src -s include  "SHELL=/bin/sh" "COMPILER=mb-gcc" "ARCHIVER=mb-ar" "COMPILER_FLAGS=  -O2 -c -mcpu=v11.0 -mlittle-endian -mxl-soft-mul" "EXTRA_COMPILER_FLAGS=-ffunction-sections -fdata-sections -Wall -Wextra"
Running Make include in microblaze_0/libsrc/cpu_v2_9/src
make -C microblaze_0/libsrc/cpu_v2_9/src -s include  "SHELL=/bin/sh" "COMPILER=mb-gcc" "ARCHIVER=mb-ar" "COMPILER_FLAGS=  -O2 -c -mcpu=v11.0 -mlittle-endian -mxl-soft-mul" "EXTRA_COMPILER_FLAGS=-ffunction-sections -fdata-sections -Wall -Wextra"
Running Make include in microblaze_0/libsrc/hwicap_v11_2/src
make -C microblaze_0/libsrc/hwicap_v11_2/src -s include  "SHELL=/bin/sh" "COMPILER=mb-gcc" "ARCHIVER=mb-ar" "COMPILER_FLAGS=  -O2 -c -mcpu=v11.0 -mlittle-endian -mxl-soft-mul" "EXTRA_COMPILER_FLAGS=-ffunction-sections -fdata-sections -Wall -Wextra"
Running Make include in microblaze_0/libsrc/lwip211_v1_0/src
make -C microblaze_0/libsrc/lwip211_v1_0/src -s include  "SHELL=/bin/sh" "COMPILER=mb-gcc" "ARCHIVER=mb-ar" "COMPILER_FLAGS=  -O2 -c -mcpu=v11.0 -mlittle-endian -mxl-soft-mul" "EXTRA_COMPILER_FLAGS=-ffunction-sections -fdata-sections -Wall -Wextra"
Running Make include in microblaze_0/libsrc/intc_v3_9/src
make -C microblaze_0/libsrc/intc_v3_9/src -s include  "SHELL=/bin/sh" "COMPILER=mb-gcc" "ARCHIVER=mb-ar" "COMPILER_FLAGS=  -O2 -c -mcpu=v11.0 -mlittle-endian -mxl-soft-mul" "EXTRA_COMPILER_FLAGS=-ffunction-sections -fdata-sections -Wall -Wextra"
Running Make libs in microblaze_0/libsrc/tmrctr_v4_5/src
make -C microblaze_0/libsrc/tmrctr_v4_5/src -s libs  "SHELL=/bin/sh" "COMPILER=mb-gcc" "ARCHIVER=mb-ar" "COMPILER_FLAGS=  -O2 -c -mcpu=v11.0 -mlittle-endian -mxl-soft-mul" "EXTRA_COMPILER_FLAGS=-ffunction-sections -fdata-sections -Wall -Wextra"
Compiling tmrctr
Running Make libs in microblaze_0/libsrc/axidma_v9_9/src
make -C microblaze_0/libsrc/axidma_v9_9/src -s libs  "SHELL=/bin/sh" "COMPILER=mb-gcc" "ARCHIVER=mb-ar" "COMPILER_FLAGS=  -O2 -c -mcpu=v11.0 -mlittle-endian -mxl-soft-mul" "EXTRA_COMPILER_FLAGS=-ffunction-sections -fdata-sections -Wall -Wextra"
Compiling axidma
Running Make libs in microblaze_0/libsrc/standalone_v7_0/src
make -C microblaze_0/libsrc/standalone_v7_0/src -s libs  "SHELL=/bin/sh" "COMPILER=mb-gcc" "ARCHIVER=mb-ar" "COMPILER_FLAGS=  -O2 -c -mcpu=v11.0 -mlittle-endian -mxl-soft-mul" "EXTRA_COMPILER_FLAGS=-ffunction-sections -fdata-sections -Wall -Wextra"
Compiling standalone
microblaze_sleep.c:77:9: note: #pragma message: For the sleep routines, assembly instructions are used
 #pragma message ("For the sleep routines, assembly instructions are used")
         ^~~~~~~
Running Make libs in microblaze_0/libsrc/spi_v4_4/src
make -C microblaze_0/libsrc/spi_v4_4/src -s libs  "SHELL=/bin/sh" "COMPILER=mb-gcc" "ARCHIVER=mb-ar" "COMPILER_FLAGS=  -O2 -c -mcpu=v11.0 -mlittle-endian -mxl-soft-mul" "EXTRA_COMPILER_FLAGS=-ffunction-sections -fdata-sections -Wall -Wextra"
Compiling spi
Running Make libs in microblaze_0/libsrc/axiethernet_v5_9/src
make -C microblaze_0/libsrc/axiethernet_v5_9/src -s libs  "SHELL=/bin/sh" "COMPILER=mb-gcc" "ARCHIVER=mb-ar" "COMPILER_FLAGS=  -O2 -c -mcpu=v11.0 -mlittle-endian -mxl-soft-mul" "EXTRA_COMPILER_FLAGS=-ffunction-sections -fdata-sections -Wall -Wextra"
Compiling axiethernet
Running Make libs in microblaze_0/libsrc/uartns550_v3_5/src
make -C microblaze_0/libsrc/uartns550_v3_5/src -s libs  "SHELL=/bin/sh" "COMPILER=mb-gcc" "ARCHIVER=mb-ar" "COMPILER_FLAGS=  -O2 -c -mcpu=v11.0 -mlittle-endian -mxl-soft-mul" "EXTRA_COMPILER_FLAGS=-ffunction-sections -fdata-sections -Wall -Wextra"
Compiling uartns550
xuartns550_g.c:49:2: warning: missing initializer for field 'DefaultBaudRate' of 'XUartNs550_Config' {aka 'struct <anonymous>'} [-Wmissing-field-initializers]
  }
  ^
In file included from xuartns550_g.c:37:
xuartns550.h:319:6: note: 'DefaultBaudRate' declared here
  u32 DefaultBaudRate; /**< Baud Rate in bps, ie 1200 */
      ^~~~~~~~~~~~~~~
Running Make libs in microblaze_0/libsrc/bram_v4_3/src
make -C microblaze_0/libsrc/bram_v4_3/src -s libs  "SHELL=/bin/sh" "COMPILER=mb-gcc" "ARCHIVER=mb-ar" "COMPILER_FLAGS=  -O2 -c -mcpu=v11.0 -mlittle-endian -mxl-soft-mul" "EXTRA_COMPILER_FLAGS=-ffunction-sections -fdata-sections -Wall -Wextra"
Compiling bram
Running Make libs in microblaze_0/libsrc/cpu_v2_9/src
make -C microblaze_0/libsrc/cpu_v2_9/src -s libs  "SHELL=/bin/sh" "COMPILER=mb-gcc" "ARCHIVER=mb-ar" "COMPILER_FLAGS=  -O2 -c -mcpu=v11.0 -mlittle-endian -mxl-soft-mul" "EXTRA_COMPILER_FLAGS=-ffunction-sections -fdata-sections -Wall -Wextra"
Compiling cpu
Running Make libs in microblaze_0/libsrc/hwicap_v11_2/src
make -C microblaze_0/libsrc/hwicap_v11_2/src -s libs  "SHELL=/bin/sh" "COMPILER=mb-gcc" "ARCHIVER=mb-ar" "COMPILER_FLAGS=  -O2 -c -mcpu=v11.0 -mlittle-endian -mxl-soft-mul" "EXTRA_COMPILER_FLAGS=-ffunction-sections -fdata-sections -Wall -Wextra"
Compiling hwicap
Running Make libs in microblaze_0/libsrc/lwip211_v1_0/src
make -C microblaze_0/libsrc/lwip211_v1_0/src -s libs  "SHELL=/bin/sh" "COMPILER=mb-gcc" "ARCHIVER=mb-ar" "COMPILER_FLAGS=  -O2 -c -mcpu=v11.0 -mlittle-endian -mxl-soft-mul" "EXTRA_COMPILER_FLAGS=-ffunction-sections -fdata-sections -Wall -Wextra"
Compiling lwip src and adapter files
Running Make libs in microblaze_0/libsrc/intc_v3_9/src
make -C microblaze_0/libsrc/intc_v3_9/src -s libs  "SHELL=/bin/sh" "COMPILER=mb-gcc" "ARCHIVER=mb-ar" "COMPILER_FLAGS=  -O2 -c -mcpu=v11.0 -mlittle-endian -mxl-soft-mul" "EXTRA_COMPILER_FLAGS=-ffunction-sections -fdata-sections -Wall -Wextra"
Compiling intc
Finished building libraries
13:05:09 **** Clean-only build of configuration Debug for project pr_app ****
make clean 
rm -rf  ./src/pr_tftp_lib/pr_tftp.o  ./src/main.o ./src/platform.o ./src/platform_mb.o  ./src/pr_tftp_lib/pr_tftp.d  ./src/main.d ./src/platform.d ./src/platform_mb.d  pr_app.elf.size  pr_app.elf
 
13:05:10 **** Build of configuration Debug for project pr_app ****
make all 
Building file: ../src/pr_tftp_lib/pr_tftp.c
Invoking: MicroBlaze gcc compiler
mb-gcc -Wall -O0 -g3 -I../../lwip211_bsp/microblaze_0/include -I"/home/vu37p/QiLe/ICAP_bits_mcs/20201013D/pr_app/src/pr_tftp_lib" -I"/home/vu37p/QiLe/ICAP_bits_mcs/20201013D/pr_app/src" -c -fmessage-length=0 -MT"src/pr_tftp_lib/pr_tftp.o" -mlittle-endian -mcpu=v11.0 -mxl-soft-mul -Wl,--no-relax -ffunction-sections -fdata-sections -MMD -MP -MF"src/pr_tftp_lib/pr_tftp.d" -MT"src/pr_tftp_lib/pr_tftp.o" -o "src/pr_tftp_lib/pr_tftp.o" "../src/pr_tftp_lib/pr_tftp.c"
../src/pr_tftp_lib/pr_tftp.c: In function 'PR_TFTP_SetupConnection':
../src/pr_tftp_lib/pr_tftp.c:627:24: warning: passing argument 2 of 'udp_recv' from incompatible pointer type [-Wincompatible-pointer-types]
   udp_recv(pInfo->Pcb, PR_TFTP_ReceiveCallback, (void *)pInfo);
                        ^~~~~~~~~~~~~~~~~~~~~~~
In file included from ../src/pr_tftp_lib/pr_tftp.h:37,
                 from ../src/pr_tftp_lib/pr_tftp.c:33:
../../lwip211_bsp/microblaze_0/include/lwip/udp.h:128:67: note: expected 'udp_recv_fn' {aka 'void (*)(void *, struct udp_pcb *, struct pbuf *, const struct ip4_addr *, short unsigned int)'} but argument is of type 'void (*)(void *, struct udp_pcb *, struct pbuf *, ip_addr_t *, u16)' {aka 'void (*)(void *, struct udp_pcb *, struct pbuf *, struct ip4_addr *, short unsigned int)'}
 void             udp_recv       (struct udp_pcb *pcb, udp_recv_fn recv,
                                                       ~~~~~~~~~~~~^~~~
Finished building: ../src/pr_tftp_lib/pr_tftp.c
 
Building file: ../src/main.c
Invoking: MicroBlaze gcc compiler
mb-gcc -Wall -O0 -g3 -I../../lwip211_bsp/microblaze_0/include -I"/home/vu37p/QiLe/ICAP_bits_mcs/20201013D/pr_app/src/pr_tftp_lib" -I"/home/vu37p/QiLe/ICAP_bits_mcs/20201013D/pr_app/src" -c -fmessage-length=0 -MT"src/main.o" -mlittle-endian -mcpu=v11.0 -mxl-soft-mul -Wl,--no-relax -ffunction-sections -fdata-sections -MMD -MP -MF"src/main.d" -MT"src/main.o" -o "src/main.o" "../src/main.c"
../src/main.c: In function 'main':
../src/main.c:250:7: warning: unused variable 'RmInfoFileBufferUsed' [-Wunused-variable]
   u32 RmInfoFileBufferUsed;
       ^~~~~~~~~~~~~~~~~~~~
../src/main.c:246:7: warning: variable 'RmInfoFileBufferSize' set but not used [-Wunused-but-set-variable]
   u32 RmInfoFileBufferSize;
       ^~~~~~~~~~~~~~~~~~~~
../src/main.c:241:17: warning: unused variable 'pRMInfo' [-Wunused-variable]
   pr_tftp_rm_s *pRMInfo;
                 ^~~~~~~
../src/main.c:240:17: warning: unused variable 'pRPInfo' [-Wunused-variable]
   pr_tftp_rp_s *pRPInfo;
                 ^~~~~~~
../src/main.c:233:10: warning: unused variable 'pRmInfoFile' [-Wunused-variable]
   char * pRmInfoFile = NULL;
          ^~~~~~~~~~~
Finished building: ../src/main.c
 
Building file: ../src/platform.c
Invoking: MicroBlaze gcc compiler
mb-gcc -Wall -O0 -g3 -I../../lwip211_bsp/microblaze_0/include -I"/home/vu37p/QiLe/ICAP_bits_mcs/20201013D/pr_app/src/pr_tftp_lib" -I"/home/vu37p/QiLe/ICAP_bits_mcs/20201013D/pr_app/src" -c -fmessage-length=0 -MT"src/platform.o" -mlittle-endian -mcpu=v11.0 -mxl-soft-mul -Wl,--no-relax -ffunction-sections -fdata-sections -MMD -MP -MF"src/platform.d" -MT"src/platform.o" -o "src/platform.o" "../src/platform.c"
Finished building: ../src/platform.c
 
Building file: ../src/platform_mb.c
Invoking: MicroBlaze gcc compiler
mb-gcc -Wall -O0 -g3 -I../../lwip211_bsp/microblaze_0/include -I"/home/vu37p/QiLe/ICAP_bits_mcs/20201013D/pr_app/src/pr_tftp_lib" -I"/home/vu37p/QiLe/ICAP_bits_mcs/20201013D/pr_app/src" -c -fmessage-length=0 -MT"src/platform_mb.o" -mlittle-endian -mcpu=v11.0 -mxl-soft-mul -Wl,--no-relax -ffunction-sections -fdata-sections -MMD -MP -MF"src/platform_mb.d" -MT"src/platform_mb.o" -o "src/platform_mb.o" "../src/platform_mb.c"
Finished building: ../src/platform_mb.c
 
Building target: pr_app.elf
Invoking: MicroBlaze gcc linker
mb-gcc -Wl,-T -Wl,../src/lscript.ld -L../../lwip211_bsp/microblaze_0/lib -mlittle-endian -mcpu=v11.0 -mxl-soft-mul -Wl,--no-relax -Wl,--gc-sections -o "pr_app.elf"  ./src/pr_tftp_lib/pr_tftp.o  ./src/main.o ./src/platform.o ./src/platform_mb.o   -Wl,--start-group,-lxil,-lgcc,-lc,--end-group -Wl,--start-group,-lxil,-llwip4,-lgcc,-lc,--end-group
Finished building target: pr_app.elf
 
Invoking: MicroBlaze Print Size
mb-size pr_app.elf  |tee "pr_app.elf.size"
   text	   data	    bss	    dec	    hex	filename
 140512	   1976	 790936	 933424	  e3e30	pr_app.elf
Finished building: pr_app.elf.size
 
13:05:34 **** Incremental Build of configuration Debug for project pr_app ****
make all 
make: Nothing to be done for 'all'.
13:07:10 **** Clean-only build of configuration Debug for project pr_app ****
make clean 
rm -rf  ./src/pr_tftp_lib/pr_tftp.o  ./src/main.o ./src/platform.o ./src/platform_mb.o  ./src/pr_tftp_lib/pr_tftp.d  ./src/main.d ./src/platform.d ./src/platform_mb.d  pr_app.elf.size  pr_app.elf
 
13:07:10 **** Clean-only build of project lwip211_bsp ****
make -k clean 
make -C microblaze_0/libsrc/tmrctr_v4_5/src -s clean 
make -C microblaze_0/libsrc/axidma_v9_9/src -s clean 
make -C microblaze_0/libsrc/standalone_v7_0/src -s clean 
make -C microblaze_0/libsrc/spi_v4_4/src -s clean 
make -C microblaze_0/libsrc/axiethernet_v5_9/src -s clean 
make -C microblaze_0/libsrc/uartns550_v3_5/src -s clean 
make -C microblaze_0/libsrc/bram_v4_3/src -s clean 
make -C microblaze_0/libsrc/cpu_v2_9/src -s clean 
make -C microblaze_0/libsrc/hwicap_v11_2/src -s clean 
make -C microblaze_0/libsrc/lwip211_v1_0/src -s clean 
make -C microblaze_0/libsrc/intc_v3_9/src -s clean 
rm -f microblaze_0/lib/libxil.a
13:07:11 **** Build of project lwip211_bsp ****
make -k all 
Running Make include in microblaze_0/libsrc/tmrctr_v4_5/src
make -C microblaze_0/libsrc/tmrctr_v4_5/src -s include  "SHELL=/bin/sh" "COMPILER=mb-gcc" "ARCHIVER=mb-ar" "COMPILER_FLAGS=  -O2 -c -mcpu=v11.0 -mlittle-endian -mxl-soft-mul" "EXTRA_COMPILER_FLAGS=-ffunction-sections -fdata-sections -Wall -Wextra"
Running Make include in microblaze_0/libsrc/axidma_v9_9/src
make -C microblaze_0/libsrc/axidma_v9_9/src -s include  "SHELL=/bin/sh" "COMPILER=mb-gcc" "ARCHIVER=mb-ar" "COMPILER_FLAGS=  -O2 -c -mcpu=v11.0 -mlittle-endian -mxl-soft-mul" "EXTRA_COMPILER_FLAGS=-ffunction-sections -fdata-sections -Wall -Wextra"
Running Make include in microblaze_0/libsrc/standalone_v7_0/src
make -C microblaze_0/libsrc/standalone_v7_0/src -s include  "SHELL=/bin/sh" "COMPILER=mb-gcc" "ARCHIVER=mb-ar" "COMPILER_FLAGS=  -O2 -c -mcpu=v11.0 -mlittle-endian -mxl-soft-mul" "EXTRA_COMPILER_FLAGS=-ffunction-sections -fdata-sections -Wall -Wextra"
Running Make include in microblaze_0/libsrc/spi_v4_4/src
make -C microblaze_0/libsrc/spi_v4_4/src -s include  "SHELL=/bin/sh" "COMPILER=mb-gcc" "ARCHIVER=mb-ar" "COMPILER_FLAGS=  -O2 -c -mcpu=v11.0 -mlittle-endian -mxl-soft-mul" "EXTRA_COMPILER_FLAGS=-ffunction-sections -fdata-sections -Wall -Wextra"
Running Make include in microblaze_0/libsrc/axiethernet_v5_9/src
make -C microblaze_0/libsrc/axiethernet_v5_9/src -s include  "SHELL=/bin/sh" "COMPILER=mb-gcc" "ARCHIVER=mb-ar" "COMPILER_FLAGS=  -O2 -c -mcpu=v11.0 -mlittle-endian -mxl-soft-mul" "EXTRA_COMPILER_FLAGS=-ffunction-sections -fdata-sections -Wall -Wextra"
Running Make include in microblaze_0/libsrc/uartns550_v3_5/src
make -C microblaze_0/libsrc/uartns550_v3_5/src -s include  "SHELL=/bin/sh" "COMPILER=mb-gcc" "ARCHIVER=mb-ar" "COMPILER_FLAGS=  -O2 -c -mcpu=v11.0 -mlittle-endian -mxl-soft-mul" "EXTRA_COMPILER_FLAGS=-ffunction-sections -fdata-sections -Wall -Wextra"
Running Make include in microblaze_0/libsrc/bram_v4_3/src
make -C microblaze_0/libsrc/bram_v4_3/src -s include  "SHELL=/bin/sh" "COMPILER=mb-gcc" "ARCHIVER=mb-ar" "COMPILER_FLAGS=  -O2 -c -mcpu=v11.0 -mlittle-endian -mxl-soft-mul" "EXTRA_COMPILER_FLAGS=-ffunction-sections -fdata-sections -Wall -Wextra"
Running Make include in microblaze_0/libsrc/cpu_v2_9/src
make -C microblaze_0/libsrc/cpu_v2_9/src -s include  "SHELL=/bin/sh" "COMPILER=mb-gcc" "ARCHIVER=mb-ar" "COMPILER_FLAGS=  -O2 -c -mcpu=v11.0 -mlittle-endian -mxl-soft-mul" "EXTRA_COMPILER_FLAGS=-ffunction-sections -fdata-sections -Wall -Wextra"
Running Make include in microblaze_0/libsrc/hwicap_v11_2/src
make -C microblaze_0/libsrc/hwicap_v11_2/src -s include  "SHELL=/bin/sh" "COMPILER=mb-gcc" "ARCHIVER=mb-ar" "COMPILER_FLAGS=  -O2 -c -mcpu=v11.0 -mlittle-endian -mxl-soft-mul" "EXTRA_COMPILER_FLAGS=-ffunction-sections -fdata-sections -Wall -Wextra"
Running Make include in microblaze_0/libsrc/lwip211_v1_0/src
make -C microblaze_0/libsrc/lwip211_v1_0/src -s include  "SHELL=/bin/sh" "COMPILER=mb-gcc" "ARCHIVER=mb-ar" "COMPILER_FLAGS=  -O2 -c -mcpu=v11.0 -mlittle-endian -mxl-soft-mul" "EXTRA_COMPILER_FLAGS=-ffunction-sections -fdata-sections -Wall -Wextra"
Running Make include in microblaze_0/libsrc/intc_v3_9/src
make -C microblaze_0/libsrc/intc_v3_9/src -s include  "SHELL=/bin/sh" "COMPILER=mb-gcc" "ARCHIVER=mb-ar" "COMPILER_FLAGS=  -O2 -c -mcpu=v11.0 -mlittle-endian -mxl-soft-mul" "EXTRA_COMPILER_FLAGS=-ffunction-sections -fdata-sections -Wall -Wextra"
Running Make libs in microblaze_0/libsrc/tmrctr_v4_5/src
make -C microblaze_0/libsrc/tmrctr_v4_5/src -s libs  "SHELL=/bin/sh" "COMPILER=mb-gcc" "ARCHIVER=mb-ar" "COMPILER_FLAGS=  -O2 -c -mcpu=v11.0 -mlittle-endian -mxl-soft-mul" "EXTRA_COMPILER_FLAGS=-ffunction-sections -fdata-sections -Wall -Wextra"
Compiling tmrctr
mb-ar: creating ../../../lib/libxil.a
Running Make libs in microblaze_0/libsrc/axidma_v9_9/src
make -C microblaze_0/libsrc/axidma_v9_9/src -s libs  "SHELL=/bin/sh" "COMPILER=mb-gcc" "ARCHIVER=mb-ar" "COMPILER_FLAGS=  -O2 -c -mcpu=v11.0 -mlittle-endian -mxl-soft-mul" "EXTRA_COMPILER_FLAGS=-ffunction-sections -fdata-sections -Wall -Wextra"
Compiling axidma
Running Make libs in microblaze_0/libsrc/standalone_v7_0/src
make -C microblaze_0/libsrc/standalone_v7_0/src -s libs  "SHELL=/bin/sh" "COMPILER=mb-gcc" "ARCHIVER=mb-ar" "COMPILER_FLAGS=  -O2 -c -mcpu=v11.0 -mlittle-endian -mxl-soft-mul" "EXTRA_COMPILER_FLAGS=-ffunction-sections -fdata-sections -Wall -Wextra"
Compiling standalone
microblaze_sleep.c:77:9: note: #pragma message: For the sleep routines, assembly instructions are used
 #pragma message ("For the sleep routines, assembly instructions are used")
         ^~~~~~~
Running Make libs in microblaze_0/libsrc/spi_v4_4/src
make -C microblaze_0/libsrc/spi_v4_4/src -s libs  "SHELL=/bin/sh" "COMPILER=mb-gcc" "ARCHIVER=mb-ar" "COMPILER_FLAGS=  -O2 -c -mcpu=v11.0 -mlittle-endian -mxl-soft-mul" "EXTRA_COMPILER_FLAGS=-ffunction-sections -fdata-sections -Wall -Wextra"
Compiling spi
Running Make libs in microblaze_0/libsrc/axiethernet_v5_9/src
make -C microblaze_0/libsrc/axiethernet_v5_9/src -s libs  "SHELL=/bin/sh" "COMPILER=mb-gcc" "ARCHIVER=mb-ar" "COMPILER_FLAGS=  -O2 -c -mcpu=v11.0 -mlittle-endian -mxl-soft-mul" "EXTRA_COMPILER_FLAGS=-ffunction-sections -fdata-sections -Wall -Wextra"
Compiling axiethernet
Running Make libs in microblaze_0/libsrc/uartns550_v3_5/src
make -C microblaze_0/libsrc/uartns550_v3_5/src -s libs  "SHELL=/bin/sh" "COMPILER=mb-gcc" "ARCHIVER=mb-ar" "COMPILER_FLAGS=  -O2 -c -mcpu=v11.0 -mlittle-endian -mxl-soft-mul" "EXTRA_COMPILER_FLAGS=-ffunction-sections -fdata-sections -Wall -Wextra"
Compiling uartns550
xuartns550_g.c:49:2: warning: missing initializer for field 'DefaultBaudRate' of 'XUartNs550_Config' {aka 'struct <anonymous>'} [-Wmissing-field-initializers]
  }
  ^
In file included from xuartns550_g.c:37:
xuartns550.h:319:6: note: 'DefaultBaudRate' declared here
  u32 DefaultBaudRate; /**< Baud Rate in bps, ie 1200 */
      ^~~~~~~~~~~~~~~
Running Make libs in microblaze_0/libsrc/bram_v4_3/src
make -C microblaze_0/libsrc/bram_v4_3/src -s libs  "SHELL=/bin/sh" "COMPILER=mb-gcc" "ARCHIVER=mb-ar" "COMPILER_FLAGS=  -O2 -c -mcpu=v11.0 -mlittle-endian -mxl-soft-mul" "EXTRA_COMPILER_FLAGS=-ffunction-sections -fdata-sections -Wall -Wextra"
Compiling bram
Running Make libs in microblaze_0/libsrc/cpu_v2_9/src
make -C microblaze_0/libsrc/cpu_v2_9/src -s libs  "SHELL=/bin/sh" "COMPILER=mb-gcc" "ARCHIVER=mb-ar" "COMPILER_FLAGS=  -O2 -c -mcpu=v11.0 -mlittle-endian -mxl-soft-mul" "EXTRA_COMPILER_FLAGS=-ffunction-sections -fdata-sections -Wall -Wextra"
Compiling cpu
Running Make libs in microblaze_0/libsrc/hwicap_v11_2/src
make -C microblaze_0/libsrc/hwicap_v11_2/src -s libs  "SHELL=/bin/sh" "COMPILER=mb-gcc" "ARCHIVER=mb-ar" "COMPILER_FLAGS=  -O2 -c -mcpu=v11.0 -mlittle-endian -mxl-soft-mul" "EXTRA_COMPILER_FLAGS=-ffunction-sections -fdata-sections -Wall -Wextra"
Compiling hwicap
Running Make libs in microblaze_0/libsrc/lwip211_v1_0/src
make -C microblaze_0/libsrc/lwip211_v1_0/src -s libs  "SHELL=/bin/sh" "COMPILER=mb-gcc" "ARCHIVER=mb-ar" "COMPILER_FLAGS=  -O2 -c -mcpu=v11.0 -mlittle-endian -mxl-soft-mul" "EXTRA_COMPILER_FLAGS=-ffunction-sections -fdata-sections -Wall -Wextra"
Compiling lwip src and adapter files
contrib/ports/xilinx/netif/xaxiemacif_hw.c: In function 'init_axiemac':
contrib/ports/xilinx/netif/xaxiemacif_hw.c:54:11: warning: unused variable 'mac_address' [-Wunused-variable]
  unsigned mac_address = (unsigned)(UINTPTR)(netif->state);
           ^~~~~~~~~~~
contrib/ports/xilinx/netif/xaxiemacif.c: In function 'xaxiemacif_init':
contrib/ports/xilinx/netif/xaxiemacif.c:681:16: warning: assignment to 'netif_output_fn' {aka 'signed char (*)(struct netif *, struct pbuf *, const struct ip4_addr *)'} from incompatible pointer type 'err_t (*)(struct netif *, struct pbuf *, ip_addr_t *)' {aka 'signed char (*)(struct netif *, struct pbuf *, struct ip4_addr *)'} [-Wincompatible-pointer-types]
  netif->output = xaxiemacif_output;
                ^
In file included from ../../../include/lwip/ip_addr.h:41,
                 from ../../../include/lwip/inet_chksum.h:43,
                 from contrib/ports/xilinx/netif/xaxiemacif_dma.c:47:
contrib/ports/xilinx/netif/xaxiemacif_dma.c: In function 'is_checksum_valid':
contrib/ports/xilinx/netif/xaxiemacif_dma.c:195:6: warning: passing argument 2 of 'inet_chksum_pseudo' makes integer from pointer without a cast [-Wint-conversion]
      (ip_addr_t *)&ehdr->ip.src, (ip_addr_t *)&ehdr->ip.dest,
      ^~~~~~~~~~~~~~~~~~~~~~~~~~
../../../include/lwip/def.h:119:29: note: in definition of macro 'htons'
 #define htons(x) lwip_htons(x)
                             ^
In file included from contrib/ports/xilinx/netif/xaxiemacif_dma.c:47:
../../../include/lwip/inet_chksum.h:81:47: note: expected 'u8_t' {aka 'unsigned char'} but argument is of type 'ip_addr_t *' {aka 'struct ip4_addr *'}
 u16_t inet_chksum_pseudo(struct pbuf *p, u8_t proto, u16_t proto_len,
                                          ~~~~~^~~~~
In file included from ../../../include/lwip/ip_addr.h:41,
                 from ../../../include/lwip/inet_chksum.h:43,
                 from contrib/ports/xilinx/netif/xaxiemacif_dma.c:47:
contrib/ports/xilinx/netif/xaxiemacif_dma.c:195:34: warning: passing argument 3 of 'inet_chksum_pseudo' makes integer from pointer without a cast [-Wint-conversion]
      (ip_addr_t *)&ehdr->ip.src, (ip_addr_t *)&ehdr->ip.dest,
                                  ^~~~~~~~~~~~~~~~~~~~~~~~~~~
../../../include/lwip/def.h:119:29: note: in definition of macro 'htons'
 #define htons(x) lwip_htons(x)
                             ^
In file included from contrib/ports/xilinx/netif/xaxiemacif_dma.c:47:
../../../include/lwip/inet_chksum.h:81:60: note: expected 'u16_t' {aka 'short unsigned int'} but argument is of type 'ip_addr_t *' {aka 'struct ip4_addr *'}
 u16_t inet_chksum_pseudo(struct pbuf *p, u8_t proto, u16_t proto_len,
                                                      ~~~~~~^~~~~~~~~
In file included from ../../../include/lwip/ip_addr.h:41,
                 from ../../../include/lwip/inet_chksum.h:43,
                 from contrib/ports/xilinx/netif/xaxiemacif_dma.c:47:
contrib/ports/xilinx/netif/xaxiemacif_dma.c:196:6: warning: passing argument 4 of 'inet_chksum_pseudo' makes pointer from integer without a cast [-Wint-conversion]
      proto, tcp_payload_len));
      ^~~~~
../../../include/lwip/def.h:119:29: note: in definition of macro 'htons'
 #define htons(x) lwip_htons(x)
                             ^
In file included from contrib/ports/xilinx/netif/xaxiemacif_dma.c:47:
../../../include/lwip/inet_chksum.h:82:26: note: expected 'const ip4_addr_t *' {aka 'const struct ip4_addr *'} but argument is of type 'u8_t' {aka 'unsigned char'}
        const ip4_addr_t *src, const ip4_addr_t *dest);
        ~~~~~~~~~~~~~~~~~~^~~
In file included from ../../../include/lwip/ip_addr.h:41,
                 from ../../../include/lwip/inet_chksum.h:43,
                 from contrib/ports/xilinx/netif/xaxiemacif_dma.c:47:
contrib/ports/xilinx/netif/xaxiemacif_dma.c:196:13: warning: passing argument 5 of 'inet_chksum_pseudo' makes pointer from integer without a cast [-Wint-conversion]
      proto, tcp_payload_len));
             ^~~~~~~~~~~~~~~
../../../include/lwip/def.h:119:29: note: in definition of macro 'htons'
 #define htons(x) lwip_htons(x)
                             ^
In file included from contrib/ports/xilinx/netif/xaxiemacif_dma.c:47:
../../../include/lwip/inet_chksum.h:82:49: note: expected 'const ip4_addr_t *' {aka 'const struct ip4_addr *'} but argument is of type 'u16_t' {aka 'short unsigned int'}
        const ip4_addr_t *src, const ip4_addr_t *dest);
                               ~~~~~~~~~~~~~~~~~~^~~~
Running Make libs in microblaze_0/libsrc/intc_v3_9/src
make -C microblaze_0/libsrc/intc_v3_9/src -s libs  "SHELL=/bin/sh" "COMPILER=mb-gcc" "ARCHIVER=mb-ar" "COMPILER_FLAGS=  -O2 -c -mcpu=v11.0 -mlittle-endian -mxl-soft-mul" "EXTRA_COMPILER_FLAGS=-ffunction-sections -fdata-sections -Wall -Wextra"
Compiling intc
Finished building libraries
13:07:18 **** Build of configuration Debug for project pr_app ****
make all 
Building file: ../src/pr_tftp_lib/pr_tftp.c
Invoking: MicroBlaze gcc compiler
mb-gcc -Wall -O0 -g3 -I../../lwip211_bsp/microblaze_0/include -I"/home/vu37p/QiLe/ICAP_bits_mcs/20201013D/pr_app/src/pr_tftp_lib" -I"/home/vu37p/QiLe/ICAP_bits_mcs/20201013D/pr_app/src" -c -fmessage-length=0 -MT"src/pr_tftp_lib/pr_tftp.o" -mlittle-endian -mcpu=v11.0 -mxl-soft-mul -Wl,--no-relax -ffunction-sections -fdata-sections -MMD -MP -MF"src/pr_tftp_lib/pr_tftp.d" -MT"src/pr_tftp_lib/pr_tftp.o" -o "src/pr_tftp_lib/pr_tftp.o" "../src/pr_tftp_lib/pr_tftp.c"
../src/pr_tftp_lib/pr_tftp.c: In function 'PR_TFTP_SetupConnection':
../src/pr_tftp_lib/pr_tftp.c:627:24: warning: passing argument 2 of 'udp_recv' from incompatible pointer type [-Wincompatible-pointer-types]
   udp_recv(pInfo->Pcb, PR_TFTP_ReceiveCallback, (void *)pInfo);
                        ^~~~~~~~~~~~~~~~~~~~~~~
In file included from ../src/pr_tftp_lib/pr_tftp.h:37,
                 from ../src/pr_tftp_lib/pr_tftp.c:33:
../../lwip211_bsp/microblaze_0/include/lwip/udp.h:128:67: note: expected 'udp_recv_fn' {aka 'void (*)(void *, struct udp_pcb *, struct pbuf *, const struct ip4_addr *, short unsigned int)'} but argument is of type 'void (*)(void *, struct udp_pcb *, struct pbuf *, ip_addr_t *, u16)' {aka 'void (*)(void *, struct udp_pcb *, struct pbuf *, struct ip4_addr *, short unsigned int)'}
 void             udp_recv       (struct udp_pcb *pcb, udp_recv_fn recv,
                                                       ~~~~~~~~~~~~^~~~
Finished building: ../src/pr_tftp_lib/pr_tftp.c
 
Building file: ../src/main.c
Invoking: MicroBlaze gcc compiler
mb-gcc -Wall -O0 -g3 -I../../lwip211_bsp/microblaze_0/include -I"/home/vu37p/QiLe/ICAP_bits_mcs/20201013D/pr_app/src/pr_tftp_lib" -I"/home/vu37p/QiLe/ICAP_bits_mcs/20201013D/pr_app/src" -c -fmessage-length=0 -MT"src/main.o" -mlittle-endian -mcpu=v11.0 -mxl-soft-mul -Wl,--no-relax -ffunction-sections -fdata-sections -MMD -MP -MF"src/main.d" -MT"src/main.o" -o "src/main.o" "../src/main.c"
../src/main.c: In function 'main':
../src/main.c:250:7: warning: unused variable 'RmInfoFileBufferUsed' [-Wunused-variable]
   u32 RmInfoFileBufferUsed;
       ^~~~~~~~~~~~~~~~~~~~
../src/main.c:246:7: warning: variable 'RmInfoFileBufferSize' set but not used [-Wunused-but-set-variable]
   u32 RmInfoFileBufferSize;
       ^~~~~~~~~~~~~~~~~~~~
../src/main.c:241:17: warning: unused variable 'pRMInfo' [-Wunused-variable]
   pr_tftp_rm_s *pRMInfo;
                 ^~~~~~~
../src/main.c:240:17: warning: unused variable 'pRPInfo' [-Wunused-variable]
   pr_tftp_rp_s *pRPInfo;
                 ^~~~~~~
../src/main.c:233:10: warning: unused variable 'pRmInfoFile' [-Wunused-variable]
   char * pRmInfoFile = NULL;
          ^~~~~~~~~~~
Finished building: ../src/main.c
 
Building file: ../src/platform.c
Invoking: MicroBlaze gcc compiler
mb-gcc -Wall -O0 -g3 -I../../lwip211_bsp/microblaze_0/include -I"/home/vu37p/QiLe/ICAP_bits_mcs/20201013D/pr_app/src/pr_tftp_lib" -I"/home/vu37p/QiLe/ICAP_bits_mcs/20201013D/pr_app/src" -c -fmessage-length=0 -MT"src/platform.o" -mlittle-endian -mcpu=v11.0 -mxl-soft-mul -Wl,--no-relax -ffunction-sections -fdata-sections -MMD -MP -MF"src/platform.d" -MT"src/platform.o" -o "src/platform.o" "../src/platform.c"
Finished building: ../src/platform.c
 
Building file: ../src/platform_mb.c
Invoking: MicroBlaze gcc compiler
mb-gcc -Wall -O0 -g3 -I../../lwip211_bsp/microblaze_0/include -I"/home/vu37p/QiLe/ICAP_bits_mcs/20201013D/pr_app/src/pr_tftp_lib" -I"/home/vu37p/QiLe/ICAP_bits_mcs/20201013D/pr_app/src" -c -fmessage-length=0 -MT"src/platform_mb.o" -mlittle-endian -mcpu=v11.0 -mxl-soft-mul -Wl,--no-relax -ffunction-sections -fdata-sections -MMD -MP -MF"src/platform_mb.d" -MT"src/platform_mb.o" -o "src/platform_mb.o" "../src/platform_mb.c"
Finished building: ../src/platform_mb.c
 
Building target: pr_app.elf
Invoking: MicroBlaze gcc linker
mb-gcc -Wl,-T -Wl,../src/lscript.ld -L../../lwip211_bsp/microblaze_0/lib -mlittle-endian -mcpu=v11.0 -mxl-soft-mul -Wl,--no-relax -Wl,--gc-sections -o "pr_app.elf"  ./src/pr_tftp_lib/pr_tftp.o  ./src/main.o ./src/platform.o ./src/platform_mb.o   -Wl,--start-group,-lxil,-lgcc,-lc,--end-group -Wl,--start-group,-lxil,-llwip4,-lgcc,-lc,--end-group
Finished building target: pr_app.elf
 
Invoking: MicroBlaze Print Size
mb-size pr_app.elf  |tee "pr_app.elf.size"
   text	   data	    bss	    dec	    hex	filename
 140512	   1976	 790936	 933424	  e3e30	pr_app.elf
Finished building: pr_app.elf.size
 
13:07:44 **** Incremental Build of configuration Debug for project pr_app ****
make all 
make: Nothing to be done for 'all'.
13:10:32 **** Auto Build of configuration Debug for project pr_app ****
make all 
Building file: ../src/main.c
Invoking: MicroBlaze gcc compiler
mb-gcc -Wall -O0 -g3 -I../../lwip211_bsp/microblaze_0/include -I"/home/vu37p/QiLe/ICAP_bits_mcs/20201013D/pr_app/src/pr_tftp_lib" -I"/home/vu37p/QiLe/ICAP_bits_mcs/20201013D/pr_app/src" -c -fmessage-length=0 -MT"src/main.o" -mlittle-endian -mcpu=v11.0 -mxl-soft-mul -Wl,--no-relax -ffunction-sections -fdata-sections -MMD -MP -MF"src/main.d" -MT"src/main.o" -o "src/main.o" "../src/main.c"
../src/main.c: In function 'main':
../src/main.c:250:7: warning: unused variable 'RmInfoFileBufferUsed' [-Wunused-variable]
   u32 RmInfoFileBufferUsed;
       ^~~~~~~~~~~~~~~~~~~~
../src/main.c:246:7: warning: variable 'RmInfoFileBufferSize' set but not used [-Wunused-but-set-variable]
   u32 RmInfoFileBufferSize;
       ^~~~~~~~~~~~~~~~~~~~
../src/main.c:241:17: warning: unused variable 'pRMInfo' [-Wunused-variable]
   pr_tftp_rm_s *pRMInfo;
                 ^~~~~~~
../src/main.c:240:17: warning: unused variable 'pRPInfo' [-Wunused-variable]
   pr_tftp_rp_s *pRPInfo;
                 ^~~~~~~
../src/main.c:233:10: warning: unused variable 'pRmInfoFile' [-Wunused-variable]
   char * pRmInfoFile = NULL;
          ^~~~~~~~~~~
Finished building: ../src/main.c
 
Building target: pr_app.elf
Invoking: MicroBlaze gcc linker
mb-gcc -Wl,-T -Wl,../src/lscript.ld -L../../lwip211_bsp/microblaze_0/lib -mlittle-endian -mcpu=v11.0 -mxl-soft-mul -Wl,--no-relax -Wl,--gc-sections -o "pr_app.elf"  ./src/pr_tftp_lib/pr_tftp.o  ./src/main.o ./src/platform.o ./src/platform_mb.o   -Wl,--start-group,-lxil,-lgcc,-lc,--end-group -Wl,--start-group,-lxil,-llwip4,-lgcc,-lc,--end-group
Finished building target: pr_app.elf
 
Invoking: MicroBlaze Print Size
mb-size pr_app.elf  |tee "pr_app.elf.size"
   text	   data	    bss	    dec	    hex	filename
 140512	   1976	 790936	 933424	  e3e30	pr_app.elf
Finished building: pr_app.elf.size
 
13:10:34 **** Incremental Build of configuration Debug for project pr_app ****
make all 
make: Nothing to be done for 'all'.
13:10:47 **** Incremental Build of configuration Debug for project pr_app ****
make all 
make: Nothing to be done for 'all'.
13:11:18 **** Auto Build of configuration Debug for project pr_app ****
make all 
Building file: ../src/main.c
Invoking: MicroBlaze gcc compiler
mb-gcc -Wall -O0 -g3 -I../../lwip211_bsp/microblaze_0/include -I"/home/vu37p/QiLe/ICAP_bits_mcs/20201013D/pr_app/src/pr_tftp_lib" -I"/home/vu37p/QiLe/ICAP_bits_mcs/20201013D/pr_app/src" -c -fmessage-length=0 -MT"src/main.o" -mlittle-endian -mcpu=v11.0 -mxl-soft-mul -Wl,--no-relax -ffunction-sections -fdata-sections -MMD -MP -MF"src/main.d" -MT"src/main.o" -o "src/main.o" "../src/main.c"
../src/main.c: In function 'main':
../src/main.c:250:7: warning: unused variable 'RmInfoFileBufferUsed' [-Wunused-variable]
   u32 RmInfoFileBufferUsed;
       ^~~~~~~~~~~~~~~~~~~~
../src/main.c:246:7: warning: variable 'RmInfoFileBufferSize' set but not used [-Wunused-but-set-variable]
   u32 RmInfoFileBufferSize;
       ^~~~~~~~~~~~~~~~~~~~
../src/main.c:241:17: warning: unused variable 'pRMInfo' [-Wunused-variable]
   pr_tftp_rm_s *pRMInfo;
                 ^~~~~~~
../src/main.c:240:17: warning: unused variable 'pRPInfo' [-Wunused-variable]
   pr_tftp_rp_s *pRPInfo;
                 ^~~~~~~
../src/main.c:233:10: warning: unused variable 'pRmInfoFile' [-Wunused-variable]
   char * pRmInfoFile = NULL;
          ^~~~~~~~~~~
Finished building: ../src/main.c
 
Building target: pr_app.elf
Invoking: MicroBlaze gcc linker
mb-gcc -Wl,-T -Wl,../src/lscript.ld -L../../lwip211_bsp/microblaze_0/lib -mlittle-endian -mcpu=v11.0 -mxl-soft-mul -Wl,--no-relax -Wl,--gc-sections -o "pr_app.elf"  ./src/pr_tftp_lib/pr_tftp.o  ./src/main.o ./src/platform.o ./src/platform_mb.o   -Wl,--start-group,-lxil,-lgcc,-lc,--end-group -Wl,--start-group,-lxil,-llwip4,-lgcc,-lc,--end-group
Finished building target: pr_app.elf
 
Invoking: MicroBlaze Print Size
mb-size pr_app.elf  |tee "pr_app.elf.size"
   text	   data	    bss	    dec	    hex	filename
 140512	   1976	 790936	 933424	  e3e30	pr_app.elf
Finished building: pr_app.elf.size
 
13:11:21 **** Incremental Build of configuration Debug for project pr_app ****
make all 
make: Nothing to be done for 'all'.
13:11:27 **** Incremental Build of configuration Debug for project pr_app ****
make all 
make: Nothing to be done for 'all'.
13:11:45 **** Incremental Build of configuration Debug for project pr_app ****
make all 
make: Nothing to be done for 'all'.
13:12:22 **** Auto Build of configuration Debug for project pr_app ****
make all 
Building file: ../src/main.c
Invoking: MicroBlaze gcc compiler
mb-gcc -Wall -O0 -g3 -I../../lwip211_bsp/microblaze_0/include -I"/home/vu37p/QiLe/ICAP_bits_mcs/20201013D/pr_app/src/pr_tftp_lib" -I"/home/vu37p/QiLe/ICAP_bits_mcs/20201013D/pr_app/src" -c -fmessage-length=0 -MT"src/main.o" -mlittle-endian -mcpu=v11.0 -mxl-soft-mul -Wl,--no-relax -ffunction-sections -fdata-sections -MMD -MP -MF"src/main.d" -MT"src/main.o" -o "src/main.o" "../src/main.c"
../src/main.c: In function 'main':
../src/main.c:250:7: warning: unused variable 'RmInfoFileBufferUsed' [-Wunused-variable]
   u32 RmInfoFileBufferUsed;
       ^~~~~~~~~~~~~~~~~~~~
../src/main.c:246:7: warning: variable 'RmInfoFileBufferSize' set but not used [-Wunused-but-set-variable]
   u32 RmInfoFileBufferSize;
       ^~~~~~~~~~~~~~~~~~~~
../src/main.c:241:17: warning: unused variable 'pRMInfo' [-Wunused-variable]
   pr_tftp_rm_s *pRMInfo;
                 ^~~~~~~
../src/main.c:240:17: warning: unused variable 'pRPInfo' [-Wunused-variable]
   pr_tftp_rp_s *pRPInfo;
                 ^~~~~~~
../src/main.c:233:10: warning: unused variable 'pRmInfoFile' [-Wunused-variable]
   char * pRmInfoFile = NULL;
          ^~~~~~~~~~~
Finished building: ../src/main.c
 
Building target: pr_app.elf
Invoking: MicroBlaze gcc linker
mb-gcc -Wl,-T -Wl,../src/lscript.ld -L../../lwip211_bsp/microblaze_0/lib -mlittle-endian -mcpu=v11.0 -mxl-soft-mul -Wl,--no-relax -Wl,--gc-sections -o "pr_app.elf"  ./src/pr_tftp_lib/pr_tftp.o  ./src/main.o ./src/platform.o ./src/platform_mb.o   -Wl,--start-group,-lxil,-lgcc,-lc,--end-group -Wl,--start-group,-lxil,-llwip4,-lgcc,-lc,--end-group
Finished building target: pr_app.elf
 
Invoking: MicroBlaze Print Size
mb-size pr_app.elf  |tee "pr_app.elf.size"
   text	   data	    bss	    dec	    hex	filename
 140512	   1976	 790936	 933424	  e3e30	pr_app.elf
Finished building: pr_app.elf.size
 
13:12:27 **** Incremental Build of configuration Debug for project pr_app ****
make all 
make: Nothing to be done for 'all'.
13:13:50 **** Incremental Build of configuration Debug for project pr_app ****
make all 
make: Nothing to be done for 'all'.
13:13:56 **** Incremental Build of configuration Debug for project pr_app ****
make all 
make: Nothing to be done for 'all'.
13:15:57 **** Incremental Build of configuration Debug for project pr_app ****
make all 
make: Nothing to be done for 'all'.
13:16:17 **** Auto Build of configuration Debug for project pr_app ****
make all 
Building file: ../src/main.c
Invoking: MicroBlaze gcc compiler
mb-gcc -Wall -O0 -g3 -I../../lwip211_bsp/microblaze_0/include -I"/home/vu37p/QiLe/ICAP_bits_mcs/20201013D/pr_app/src/pr_tftp_lib" -I"/home/vu37p/QiLe/ICAP_bits_mcs/20201013D/pr_app/src" -c -fmessage-length=0 -MT"src/main.o" -mlittle-endian -mcpu=v11.0 -mxl-soft-mul -Wl,--no-relax -ffunction-sections -fdata-sections -MMD -MP -MF"src/main.d" -MT"src/main.o" -o "src/main.o" "../src/main.c"
../src/main.c: In function 'main':
../src/main.c:250:7: warning: unused variable 'RmInfoFileBufferUsed' [-Wunused-variable]
   u32 RmInfoFileBufferUsed;
       ^~~~~~~~~~~~~~~~~~~~
../src/main.c:246:7: warning: variable 'RmInfoFileBufferSize' set but not used [-Wunused-but-set-variable]
   u32 RmInfoFileBufferSize;
       ^~~~~~~~~~~~~~~~~~~~
../src/main.c:241:17: warning: unused variable 'pRMInfo' [-Wunused-variable]
   pr_tftp_rm_s *pRMInfo;
                 ^~~~~~~
../src/main.c:240:17: warning: unused variable 'pRPInfo' [-Wunused-variable]
   pr_tftp_rp_s *pRPInfo;
                 ^~~~~~~
../src/main.c:233:10: warning: unused variable 'pRmInfoFile' [-Wunused-variable]
   char * pRmInfoFile = NULL;
          ^~~~~~~~~~~
Finished building: ../src/main.c
 
Building target: pr_app.elf
Invoking: MicroBlaze gcc linker
mb-gcc -Wl,-T -Wl,../src/lscript.ld -L../../lwip211_bsp/microblaze_0/lib -mlittle-endian -mcpu=v11.0 -mxl-soft-mul -Wl,--no-relax -Wl,--gc-sections -o "pr_app.elf"  ./src/pr_tftp_lib/pr_tftp.o  ./src/main.o ./src/platform.o ./src/platform_mb.o   -Wl,--start-group,-lxil,-lgcc,-lc,--end-group -Wl,--start-group,-lxil,-llwip4,-lgcc,-lc,--end-group
Finished building target: pr_app.elf
 
Invoking: MicroBlaze Print Size
mb-size pr_app.elf  |tee "pr_app.elf.size"
   text	   data	    bss	    dec	    hex	filename
 140512	   1976	 790936	 933424	  e3e30	pr_app.elf
Finished building: pr_app.elf.size
 
13:16:25 **** Incremental Build of configuration Debug for project pr_app ****
make all 
make: Nothing to be done for 'all'.
13:16:31 **** Incremental Build of configuration Debug for project pr_app ****
make all 
make: Nothing to be done for 'all'.
13:34:17 **** Incremental Build of configuration Debug for project pr_app ****
make all 
make: Nothing to be done for 'all'.
13:54:54 **** Auto Build of configuration Debug for project pr_app ****
make all 
Building file: ../src/main.c
Invoking: MicroBlaze gcc compiler
mb-gcc -Wall -O0 -g3 -I../../lwip211_bsp/microblaze_0/include -I"/home/vu37p/QiLe/ICAP_bits_mcs/20201013D/pr_app/src/pr_tftp_lib" -I"/home/vu37p/QiLe/ICAP_bits_mcs/20201013D/pr_app/src" -c -fmessage-length=0 -MT"src/main.o" -mlittle-endian -mcpu=v11.0 -mxl-soft-mul -Wl,--no-relax -ffunction-sections -fdata-sections -MMD -MP -MF"src/main.d" -MT"src/main.o" -o "src/main.o" "../src/main.c"
../src/main.c: In function 'main':
../src/main.c:250:7: warning: unused variable 'RmInfoFileBufferUsed' [-Wunused-variable]
   u32 RmInfoFileBufferUsed;
       ^~~~~~~~~~~~~~~~~~~~
../src/main.c:246:7: warning: variable 'RmInfoFileBufferSize' set but not used [-Wunused-but-set-variable]
   u32 RmInfoFileBufferSize;
       ^~~~~~~~~~~~~~~~~~~~
../src/main.c:241:17: warning: unused variable 'pRMInfo' [-Wunused-variable]
   pr_tftp_rm_s *pRMInfo;
                 ^~~~~~~
../src/main.c:240:17: warning: unused variable 'pRPInfo' [-Wunused-variable]
   pr_tftp_rp_s *pRPInfo;
                 ^~~~~~~
../src/main.c:233:10: warning: unused variable 'pRmInfoFile' [-Wunused-variable]
   char * pRmInfoFile = NULL;
          ^~~~~~~~~~~
Finished building: ../src/main.c
 
Building target: pr_app.elf
Invoking: MicroBlaze gcc linker
mb-gcc -Wl,-T -Wl,../src/lscript.ld -L../../lwip211_bsp/microblaze_0/lib -mlittle-endian -mcpu=v11.0 -mxl-soft-mul -Wl,--no-relax -Wl,--gc-sections -o "pr_app.elf"  ./src/pr_tftp_lib/pr_tftp.o  ./src/main.o ./src/platform.o ./src/platform_mb.o   -Wl,--start-group,-lxil,-lgcc,-lc,--end-group -Wl,--start-group,-lxil,-llwip4,-lgcc,-lc,--end-group
Finished building target: pr_app.elf
 
Invoking: MicroBlaze Print Size
mb-size pr_app.elf  |tee "pr_app.elf.size"
   text	   data	    bss	    dec	    hex	filename
 140512	   1976	 790936	 933424	  e3e30	pr_app.elf
Finished building: pr_app.elf.size
 
13:55:00 **** Incremental Build of configuration Debug for project pr_app ****
make all 
make: Nothing to be done for 'all'.
13:55:23 **** Incremental Build of configuration Debug for project pr_app ****
make all 
make: Nothing to be done for 'all'.
17:21:04 **** Auto Build of configuration Debug for project pr_app ****
make all 
Building file: ../src/main.c
Invoking: MicroBlaze gcc compiler
mb-gcc -Wall -O0 -g3 -I../../lwip211_bsp/microblaze_0/include -I"/home/vu37p/QiLe/ICAP_bits_mcs/20201013D/pr_app/src/pr_tftp_lib" -I"/home/vu37p/QiLe/ICAP_bits_mcs/20201013D/pr_app/src" -c -fmessage-length=0 -MT"src/main.o" -mlittle-endian -mcpu=v11.0 -mxl-soft-mul -Wl,--no-relax -ffunction-sections -fdata-sections -MMD -MP -MF"src/main.d" -MT"src/main.o" -o "src/main.o" "../src/main.c"
../src/main.c: In function 'main':
../src/main.c:398:3: warning: 'pRMInfo' may be used uninitialized in this function [-Wmaybe-uninitialized]
   xil_printf("Fetched Partial Bitstream %s.\n\r", pRMInfo->pFileName);
   ^~~~~~~~~~~~~~~~~~~~~~~~~~~~~~~~~~~~~~~~~~~~~~~~~~~~~~~~~~~~~~~~~~~
Finished building: ../src/main.c
 
Building target: pr_app.elf
Invoking: MicroBlaze gcc linker
mb-gcc -Wl,-T -Wl,../src/lscript.ld -L../../lwip211_bsp/microblaze_0/lib -mlittle-endian -mcpu=v11.0 -mxl-soft-mul -Wl,--no-relax -Wl,--gc-sections -o "pr_app.elf"  ./src/pr_tftp_lib/pr_tftp.o  ./src/main.o ./src/platform.o ./src/platform_mb.o   -Wl,--start-group,-lxil,-lgcc,-lc,--end-group -Wl,--start-group,-lxil,-llwip4,-lgcc,-lc,--end-group
Finished building target: pr_app.elf
 
Invoking: MicroBlaze Print Size
mb-size pr_app.elf  |tee "pr_app.elf.size"
   text	   data	    bss	    dec	    hex	filename
 279912	   1976	 790936	1072824	 105eb8	pr_app.elf
Finished building: pr_app.elf.size
 
17:26:10 **** Incremental Build of configuration Debug for project pr_app ****
make all 
make: Nothing to be done for 'all'.
17:30:45 **** Incremental Build of configuration Debug for project pr_app ****
make all 
make: Nothing to be done for 'all'.
12:36:48 **** Incremental Build of configuration Debug for project pr_app ****
make all 
make: Nothing to be done for 'all'.
12:40:56 **** Incremental Build of configuration Debug for project pr_app ****
make all 
make: Nothing to be done for 'all'.
12:42:18 **** Incremental Build of configuration Debug for project pr_app ****
make all 
make: Nothing to be done for 'all'.
12:42:25 **** Incremental Build of configuration Debug for project pr_app ****
make all 
make: Nothing to be done for 'all'.
12:44:26 **** Incremental Build of configuration Debug for project pr_app ****
make all 
make: Nothing to be done for 'all'.
15:16:32 **** Incremental Build of configuration Debug for project pr_app ****
make all 
make: Nothing to be done for 'all'.
15:18:16 **** Incremental Build of configuration Debug for project pr_app ****
make all 
make: Nothing to be done for 'all'.
15:33:55 **** Incremental Build of configuration Debug for project pr_app ****
make all 
make: Nothing to be done for 'all'.
15:39:50 **** Incremental Build of configuration Debug for project pr_app ****
make all 
make: Nothing to be done for 'all'.
15:53:30 **** Incremental Build of configuration Debug for project pr_app ****
make all 
make: Nothing to be done for 'all'.
16:11:51 **** Incremental Build of configuration Debug for project pr_app ****
make all 
make: Nothing to be done for 'all'.
16:13:37 **** Incremental Build of configuration Debug for project pr_app ****
make all 
make: Nothing to be done for 'all'.
16:21:09 **** Incremental Build of configuration Debug for project pr_app ****
make all 
make: Nothing to be done for 'all'.
16:23:35 **** Auto Build of configuration Debug for project pr_app ****
make all 
Building file: ../src/pr_tftp_lib/pr_tftp.c
Invoking: MicroBlaze gcc compiler
mb-gcc -Wall -O0 -g3 -I../../lwip211_bsp/microblaze_0/include -I"/home/vu37p/QiLe/ICAP_bits_mcs/20201013D/pr_app/src/pr_tftp_lib" -I"/home/vu37p/QiLe/ICAP_bits_mcs/20201013D/pr_app/src" -c -fmessage-length=0 -MT"src/pr_tftp_lib/pr_tftp.o" -mlittle-endian -mcpu=v11.0 -mxl-soft-mul -Wl,--no-relax -ffunction-sections -fdata-sections -MMD -MP -MF"src/pr_tftp_lib/pr_tftp.d" -MT"src/pr_tftp_lib/pr_tftp.o" -o "src/pr_tftp_lib/pr_tftp.o" "../src/pr_tftp_lib/pr_tftp.c"
../src/pr_tftp_lib/pr_tftp.c: In function 'PR_TFTP_SetupConnection':
../src/pr_tftp_lib/pr_tftp.c:627:24: warning: passing argument 2 of 'udp_recv' from incompatible pointer type [-Wincompatible-pointer-types]
   udp_recv(pInfo->Pcb, PR_TFTP_ReceiveCallback, (void *)pInfo);
                        ^~~~~~~~~~~~~~~~~~~~~~~
In file included from ../src/pr_tftp_lib/pr_tftp.h:37,
                 from ../src/pr_tftp_lib/pr_tftp.c:33:
../../lwip211_bsp/microblaze_0/include/lwip/udp.h:128:67: note: expected 'udp_recv_fn' {aka 'void (*)(void *, struct udp_pcb *, struct pbuf *, const struct ip4_addr *, short unsigned int)'} but argument is of type 'void (*)(void *, struct udp_pcb *, struct pbuf *, ip_addr_t *, u16)' {aka 'void (*)(void *, struct udp_pcb *, struct pbuf *, struct ip4_addr *, short unsigned int)'}
 void             udp_recv       (struct udp_pcb *pcb, udp_recv_fn recv,
                                                       ~~~~~~~~~~~~^~~~
Finished building: ../src/pr_tftp_lib/pr_tftp.c
 
Building target: pr_app.elf
Invoking: MicroBlaze gcc linker
mb-gcc -Wl,-T -Wl,../src/lscript.ld -L../../lwip211_bsp/microblaze_0/lib -mlittle-endian -mcpu=v11.0 -mxl-soft-mul -Wl,--no-relax -Wl,--gc-sections -o "pr_app.elf"  ./src/pr_tftp_lib/pr_tftp.o  ./src/main.o ./src/platform.o ./src/platform_mb.o   -Wl,--start-group,-lxil,-lgcc,-lc,--end-group -Wl,--start-group,-lxil,-llwip4,-lgcc,-lc,--end-group
Finished building target: pr_app.elf
 
Invoking: MicroBlaze Print Size
mb-size pr_app.elf  |tee "pr_app.elf.size"
   text	   data	    bss	    dec	    hex	filename
 279956	   1976	 790940	1072872	 105ee8	pr_app.elf
Finished building: pr_app.elf.size
 
16:23:41 **** Incremental Build of configuration Debug for project pr_app ****
make all 
make: Nothing to be done for 'all'.
16:23:50 **** Incremental Build of configuration Debug for project pr_app ****
make all 
make: Nothing to be done for 'all'.
16:26:42 **** Auto Build of configuration Debug for project pr_app ****
make all 
Building file: ../src/pr_tftp_lib/pr_tftp.c
Invoking: MicroBlaze gcc compiler
mb-gcc -Wall -O0 -g3 -I../../lwip211_bsp/microblaze_0/include -I"/home/vu37p/QiLe/ICAP_bits_mcs/20201013D/pr_app/src/pr_tftp_lib" -I"/home/vu37p/QiLe/ICAP_bits_mcs/20201013D/pr_app/src" -c -fmessage-length=0 -MT"src/pr_tftp_lib/pr_tftp.o" -mlittle-endian -mcpu=v11.0 -mxl-soft-mul -Wl,--no-relax -ffunction-sections -fdata-sections -MMD -MP -MF"src/pr_tftp_lib/pr_tftp.d" -MT"src/pr_tftp_lib/pr_tftp.o" -o "src/pr_tftp_lib/pr_tftp.o" "../src/pr_tftp_lib/pr_tftp.c"
../src/pr_tftp_lib/pr_tftp.c: In function 'PR_TFTP_SetupConnection':
../src/pr_tftp_lib/pr_tftp.c:627:24: warning: passing argument 2 of 'udp_recv' from incompatible pointer type [-Wincompatible-pointer-types]
   udp_recv(pInfo->Pcb, PR_TFTP_ReceiveCallback, (void *)pInfo);
                        ^~~~~~~~~~~~~~~~~~~~~~~
In file included from ../src/pr_tftp_lib/pr_tftp.h:37,
                 from ../src/pr_tftp_lib/pr_tftp.c:33:
../../lwip211_bsp/microblaze_0/include/lwip/udp.h:128:67: note: expected 'udp_recv_fn' {aka 'void (*)(void *, struct udp_pcb *, struct pbuf *, const struct ip4_addr *, short unsigned int)'} but argument is of type 'void (*)(void *, struct udp_pcb *, struct pbuf *, ip_addr_t *, u16)' {aka 'void (*)(void *, struct udp_pcb *, struct pbuf *, struct ip4_addr *, short unsigned int)'}
 void             udp_recv       (struct udp_pcb *pcb, udp_recv_fn recv,
                                                       ~~~~~~~~~~~~^~~~
Finished building: ../src/pr_tftp_lib/pr_tftp.c
 
Building target: pr_app.elf
Invoking: MicroBlaze gcc linker
mb-gcc -Wl,-T -Wl,../src/lscript.ld -L../../lwip211_bsp/microblaze_0/lib -mlittle-endian -mcpu=v11.0 -mxl-soft-mul -Wl,--no-relax -Wl,--gc-sections -o "pr_app.elf"  ./src/pr_tftp_lib/pr_tftp.o  ./src/main.o ./src/platform.o ./src/platform_mb.o   -Wl,--start-group,-lxil,-lgcc,-lc,--end-group -Wl,--start-group,-lxil,-llwip4,-lgcc,-lc,--end-group
Finished building target: pr_app.elf
 
Invoking: MicroBlaze Print Size
mb-size pr_app.elf  |tee "pr_app.elf.size"
   text	   data	    bss	    dec	    hex	filename
 279956	   1976	 790940	1072872	 105ee8	pr_app.elf
Finished building: pr_app.elf.size
 
16:26:55 **** Incremental Build of configuration Debug for project pr_app ****
make all 
make: Nothing to be done for 'all'.
16:35:50 **** Auto Build of configuration Debug for project pr_app ****
make all 
Building file: ../src/pr_tftp_lib/pr_tftp.c
Invoking: MicroBlaze gcc compiler
mb-gcc -Wall -O0 -g3 -I../../lwip211_bsp/microblaze_0/include -I"/home/vu37p/QiLe/ICAP_bits_mcs/20201013D/pr_app/src/pr_tftp_lib" -I"/home/vu37p/QiLe/ICAP_bits_mcs/20201013D/pr_app/src" -c -fmessage-length=0 -MT"src/pr_tftp_lib/pr_tftp.o" -mlittle-endian -mcpu=v11.0 -mxl-soft-mul -Wl,--no-relax -ffunction-sections -fdata-sections -MMD -MP -MF"src/pr_tftp_lib/pr_tftp.d" -MT"src/pr_tftp_lib/pr_tftp.o" -o "src/pr_tftp_lib/pr_tftp.o" "../src/pr_tftp_lib/pr_tftp.c"
../src/pr_tftp_lib/pr_tftp.c: In function 'PR_TFTP_SetupConnection':
../src/pr_tftp_lib/pr_tftp.c:627:24: warning: passing argument 2 of 'udp_recv' from incompatible pointer type [-Wincompatible-pointer-types]
   udp_recv(pInfo->Pcb, PR_TFTP_ReceiveCallback, (void *)pInfo);
                        ^~~~~~~~~~~~~~~~~~~~~~~
In file included from ../src/pr_tftp_lib/pr_tftp.h:37,
                 from ../src/pr_tftp_lib/pr_tftp.c:33:
../../lwip211_bsp/microblaze_0/include/lwip/udp.h:128:67: note: expected 'udp_recv_fn' {aka 'void (*)(void *, struct udp_pcb *, struct pbuf *, const struct ip4_addr *, short unsigned int)'} but argument is of type 'void (*)(void *, struct udp_pcb *, struct pbuf *, ip_addr_t *, u16)' {aka 'void (*)(void *, struct udp_pcb *, struct pbuf *, struct ip4_addr *, short unsigned int)'}
 void             udp_recv       (struct udp_pcb *pcb, udp_recv_fn recv,
                                                       ~~~~~~~~~~~~^~~~
Finished building: ../src/pr_tftp_lib/pr_tftp.c
 
Building target: pr_app.elf
Invoking: MicroBlaze gcc linker
mb-gcc -Wl,-T -Wl,../src/lscript.ld -L../../lwip211_bsp/microblaze_0/lib -mlittle-endian -mcpu=v11.0 -mxl-soft-mul -Wl,--no-relax -Wl,--gc-sections -o "pr_app.elf"  ./src/pr_tftp_lib/pr_tftp.o  ./src/main.o ./src/platform.o ./src/platform_mb.o   -Wl,--start-group,-lxil,-lgcc,-lc,--end-group -Wl,--start-group,-lxil,-llwip4,-lgcc,-lc,--end-group
Finished building target: pr_app.elf
 
Invoking: MicroBlaze Print Size
mb-size pr_app.elf  |tee "pr_app.elf.size"
   text	   data	    bss	    dec	    hex	filename
 279960	   1976	 790936	1072872	 105ee8	pr_app.elf
Finished building: pr_app.elf.size
 
16:36:08 **** Auto Build of configuration Debug for project pr_app ****
make all 
Building file: ../src/pr_tftp_lib/pr_tftp.c
Invoking: MicroBlaze gcc compiler
mb-gcc -Wall -O0 -g3 -I../../lwip211_bsp/microblaze_0/include -I"/home/vu37p/QiLe/ICAP_bits_mcs/20201013D/pr_app/src/pr_tftp_lib" -I"/home/vu37p/QiLe/ICAP_bits_mcs/20201013D/pr_app/src" -c -fmessage-length=0 -MT"src/pr_tftp_lib/pr_tftp.o" -mlittle-endian -mcpu=v11.0 -mxl-soft-mul -Wl,--no-relax -ffunction-sections -fdata-sections -MMD -MP -MF"src/pr_tftp_lib/pr_tftp.d" -MT"src/pr_tftp_lib/pr_tftp.o" -o "src/pr_tftp_lib/pr_tftp.o" "../src/pr_tftp_lib/pr_tftp.c"
../src/pr_tftp_lib/pr_tftp.c: In function 'PR_TFTP_SetupConnection':
../src/pr_tftp_lib/pr_tftp.c:627:24: warning: passing argument 2 of 'udp_recv' from incompatible pointer type [-Wincompatible-pointer-types]
   udp_recv(pInfo->Pcb, PR_TFTP_ReceiveCallback, (void *)pInfo);
                        ^~~~~~~~~~~~~~~~~~~~~~~
In file included from ../src/pr_tftp_lib/pr_tftp.h:37,
                 from ../src/pr_tftp_lib/pr_tftp.c:33:
../../lwip211_bsp/microblaze_0/include/lwip/udp.h:128:67: note: expected 'udp_recv_fn' {aka 'void (*)(void *, struct udp_pcb *, struct pbuf *, const struct ip4_addr *, short unsigned int)'} but argument is of type 'void (*)(void *, struct udp_pcb *, struct pbuf *, ip_addr_t *, u16)' {aka 'void (*)(void *, struct udp_pcb *, struct pbuf *, struct ip4_addr *, short unsigned int)'}
 void             udp_recv       (struct udp_pcb *pcb, udp_recv_fn recv,
                                                       ~~~~~~~~~~~~^~~~
Finished building: ../src/pr_tftp_lib/pr_tftp.c
 
Building target: pr_app.elf
Invoking: MicroBlaze gcc linker
mb-gcc -Wl,-T -Wl,../src/lscript.ld -L../../lwip211_bsp/microblaze_0/lib -mlittle-endian -mcpu=v11.0 -mxl-soft-mul -Wl,--no-relax -Wl,--gc-sections -o "pr_app.elf"  ./src/pr_tftp_lib/pr_tftp.o  ./src/main.o ./src/platform.o ./src/platform_mb.o   -Wl,--start-group,-lxil,-lgcc,-lc,--end-group -Wl,--start-group,-lxil,-llwip4,-lgcc,-lc,--end-group
Finished building target: pr_app.elf
 
Invoking: MicroBlaze Print Size
mb-size pr_app.elf  |tee "pr_app.elf.size"
   text	   data	    bss	    dec	    hex	filename
 279968	   1976	 790936	1072880	 105ef0	pr_app.elf
Finished building: pr_app.elf.size
 
16:36:12 **** Incremental Build of configuration Debug for project pr_app ****
make all 
make: Nothing to be done for 'all'.
16:39:52 **** Auto Build of configuration Debug for project pr_app ****
make all 
Building file: ../src/pr_tftp_lib/pr_tftp.c
Invoking: MicroBlaze gcc compiler
mb-gcc -Wall -O0 -g3 -I../../lwip211_bsp/microblaze_0/include -I"/home/vu37p/QiLe/ICAP_bits_mcs/20201013D/pr_app/src/pr_tftp_lib" -I"/home/vu37p/QiLe/ICAP_bits_mcs/20201013D/pr_app/src" -c -fmessage-length=0 -MT"src/pr_tftp_lib/pr_tftp.o" -mlittle-endian -mcpu=v11.0 -mxl-soft-mul -Wl,--no-relax -ffunction-sections -fdata-sections -MMD -MP -MF"src/pr_tftp_lib/pr_tftp.d" -MT"src/pr_tftp_lib/pr_tftp.o" -o "src/pr_tftp_lib/pr_tftp.o" "../src/pr_tftp_lib/pr_tftp.c"
../src/pr_tftp_lib/pr_tftp.c: In function 'PR_TFTP_SetupConnection':
../src/pr_tftp_lib/pr_tftp.c:627:24: warning: passing argument 2 of 'udp_recv' from incompatible pointer type [-Wincompatible-pointer-types]
   udp_recv(pInfo->Pcb, PR_TFTP_ReceiveCallback, (void *)pInfo);
                        ^~~~~~~~~~~~~~~~~~~~~~~
In file included from ../src/pr_tftp_lib/pr_tftp.h:37,
                 from ../src/pr_tftp_lib/pr_tftp.c:33:
../../lwip211_bsp/microblaze_0/include/lwip/udp.h:128:67: note: expected 'udp_recv_fn' {aka 'void (*)(void *, struct udp_pcb *, struct pbuf *, const struct ip4_addr *, short unsigned int)'} but argument is of type 'void (*)(void *, struct udp_pcb *, struct pbuf *, ip_addr_t *, u16)' {aka 'void (*)(void *, struct udp_pcb *, struct pbuf *, struct ip4_addr *, short unsigned int)'}
 void             udp_recv       (struct udp_pcb *pcb, udp_recv_fn recv,
                                                       ~~~~~~~~~~~~^~~~
Finished building: ../src/pr_tftp_lib/pr_tftp.c
 
Building target: pr_app.elf
Invoking: MicroBlaze gcc linker
mb-gcc -Wl,-T -Wl,../src/lscript.ld -L../../lwip211_bsp/microblaze_0/lib -mlittle-endian -mcpu=v11.0 -mxl-soft-mul -Wl,--no-relax -Wl,--gc-sections -o "pr_app.elf"  ./src/pr_tftp_lib/pr_tftp.o  ./src/main.o ./src/platform.o ./src/platform_mb.o   -Wl,--start-group,-lxil,-lgcc,-lc,--end-group -Wl,--start-group,-lxil,-llwip4,-lgcc,-lc,--end-group
Finished building target: pr_app.elf
 
Invoking: MicroBlaze Print Size
mb-size pr_app.elf  |tee "pr_app.elf.size"
   text	   data	    bss	    dec	    hex	filename
 280024	   1976	 790936	1072936	 105f28	pr_app.elf
Finished building: pr_app.elf.size
 
16:40:55 **** Auto Build of configuration Debug for project pr_app ****
make all 
Building file: ../src/pr_tftp_lib/pr_tftp.c
Invoking: MicroBlaze gcc compiler
mb-gcc -Wall -O0 -g3 -I../../lwip211_bsp/microblaze_0/include -I"/home/vu37p/QiLe/ICAP_bits_mcs/20201013D/pr_app/src/pr_tftp_lib" -I"/home/vu37p/QiLe/ICAP_bits_mcs/20201013D/pr_app/src" -c -fmessage-length=0 -MT"src/pr_tftp_lib/pr_tftp.o" -mlittle-endian -mcpu=v11.0 -mxl-soft-mul -Wl,--no-relax -ffunction-sections -fdata-sections -MMD -MP -MF"src/pr_tftp_lib/pr_tftp.d" -MT"src/pr_tftp_lib/pr_tftp.o" -o "src/pr_tftp_lib/pr_tftp.o" "../src/pr_tftp_lib/pr_tftp.c"
../src/pr_tftp_lib/pr_tftp.c: In function 'PR_TFTP_SetupConnection':
../src/pr_tftp_lib/pr_tftp.c:627:24: warning: passing argument 2 of 'udp_recv' from incompatible pointer type [-Wincompatible-pointer-types]
   udp_recv(pInfo->Pcb, PR_TFTP_ReceiveCallback, (void *)pInfo);
                        ^~~~~~~~~~~~~~~~~~~~~~~
In file included from ../src/pr_tftp_lib/pr_tftp.h:37,
                 from ../src/pr_tftp_lib/pr_tftp.c:33:
../../lwip211_bsp/microblaze_0/include/lwip/udp.h:128:67: note: expected 'udp_recv_fn' {aka 'void (*)(void *, struct udp_pcb *, struct pbuf *, const struct ip4_addr *, short unsigned int)'} but argument is of type 'void (*)(void *, struct udp_pcb *, struct pbuf *, ip_addr_t *, u16)' {aka 'void (*)(void *, struct udp_pcb *, struct pbuf *, struct ip4_addr *, short unsigned int)'}
 void             udp_recv       (struct udp_pcb *pcb, udp_recv_fn recv,
                                                       ~~~~~~~~~~~~^~~~
Finished building: ../src/pr_tftp_lib/pr_tftp.c
 
Building target: pr_app.elf
Invoking: MicroBlaze gcc linker
mb-gcc -Wl,-T -Wl,../src/lscript.ld -L../../lwip211_bsp/microblaze_0/lib -mlittle-endian -mcpu=v11.0 -mxl-soft-mul -Wl,--no-relax -Wl,--gc-sections -o "pr_app.elf"  ./src/pr_tftp_lib/pr_tftp.o  ./src/main.o ./src/platform.o ./src/platform_mb.o   -Wl,--start-group,-lxil,-lgcc,-lc,--end-group -Wl,--start-group,-lxil,-llwip4,-lgcc,-lc,--end-group
Finished building target: pr_app.elf
 
Invoking: MicroBlaze Print Size
mb-size pr_app.elf  |tee "pr_app.elf.size"
   text	   data	    bss	    dec	    hex	filename
 280080	   1976	 790936	1072992	 105f60	pr_app.elf
Finished building: pr_app.elf.size
 
16:41:00 **** Incremental Build of configuration Debug for project pr_app ****
make all 
make: Nothing to be done for 'all'.
16:42:42 **** Incremental Build of configuration Debug for project pr_app ****
make all 
make: Nothing to be done for 'all'.
16:46:04 **** Auto Build of configuration Debug for project pr_app ****
make all 
Building file: ../src/pr_tftp_lib/pr_tftp.c
Invoking: MicroBlaze gcc compiler
mb-gcc -Wall -O0 -g3 -I../../lwip211_bsp/microblaze_0/include -I"/home/vu37p/QiLe/ICAP_bits_mcs/20201013D/pr_app/src/pr_tftp_lib" -I"/home/vu37p/QiLe/ICAP_bits_mcs/20201013D/pr_app/src" -c -fmessage-length=0 -MT"src/pr_tftp_lib/pr_tftp.o" -mlittle-endian -mcpu=v11.0 -mxl-soft-mul -Wl,--no-relax -ffunction-sections -fdata-sections -MMD -MP -MF"src/pr_tftp_lib/pr_tftp.d" -MT"src/pr_tftp_lib/pr_tftp.o" -o "src/pr_tftp_lib/pr_tftp.o" "../src/pr_tftp_lib/pr_tftp.c"
../src/pr_tftp_lib/pr_tftp.c: In function 'PR_TFTP_SetupConnection':
../src/pr_tftp_lib/pr_tftp.c:627:24: warning: passing argument 2 of 'udp_recv' from incompatible pointer type [-Wincompatible-pointer-types]
   udp_recv(pInfo->Pcb, PR_TFTP_ReceiveCallback, (void *)pInfo);
                        ^~~~~~~~~~~~~~~~~~~~~~~
In file included from ../src/pr_tftp_lib/pr_tftp.h:37,
                 from ../src/pr_tftp_lib/pr_tftp.c:33:
../../lwip211_bsp/microblaze_0/include/lwip/udp.h:128:67: note: expected 'udp_recv_fn' {aka 'void (*)(void *, struct udp_pcb *, struct pbuf *, const struct ip4_addr *, short unsigned int)'} but argument is of type 'void (*)(void *, struct udp_pcb *, struct pbuf *, ip_addr_t *, u16)' {aka 'void (*)(void *, struct udp_pcb *, struct pbuf *, struct ip4_addr *, short unsigned int)'}
 void             udp_recv       (struct udp_pcb *pcb, udp_recv_fn recv,
                                                       ~~~~~~~~~~~~^~~~
Finished building: ../src/pr_tftp_lib/pr_tftp.c
 
Building target: pr_app.elf
Invoking: MicroBlaze gcc linker
mb-gcc -Wl,-T -Wl,../src/lscript.ld -L../../lwip211_bsp/microblaze_0/lib -mlittle-endian -mcpu=v11.0 -mxl-soft-mul -Wl,--no-relax -Wl,--gc-sections -o "pr_app.elf"  ./src/pr_tftp_lib/pr_tftp.o  ./src/main.o ./src/platform.o ./src/platform_mb.o   -Wl,--start-group,-lxil,-lgcc,-lc,--end-group -Wl,--start-group,-lxil,-llwip4,-lgcc,-lc,--end-group
Finished building target: pr_app.elf
 
Invoking: MicroBlaze Print Size
mb-size pr_app.elf  |tee "pr_app.elf.size"
   text	   data	    bss	    dec	    hex	filename
 280192	   1976	 790936	1073104	 105fd0	pr_app.elf
Finished building: pr_app.elf.size
 
16:46:07 **** Incremental Build of configuration Debug for project pr_app ****
make all 
make: Nothing to be done for 'all'.
16:48:27 **** Auto Build of configuration Debug for project pr_app ****
make all 
Building file: ../src/pr_tftp_lib/pr_tftp.c
Invoking: MicroBlaze gcc compiler
mb-gcc -Wall -O0 -g3 -I../../lwip211_bsp/microblaze_0/include -I"/home/vu37p/QiLe/ICAP_bits_mcs/20201013D/pr_app/src/pr_tftp_lib" -I"/home/vu37p/QiLe/ICAP_bits_mcs/20201013D/pr_app/src" -c -fmessage-length=0 -MT"src/pr_tftp_lib/pr_tftp.o" -mlittle-endian -mcpu=v11.0 -mxl-soft-mul -Wl,--no-relax -ffunction-sections -fdata-sections -MMD -MP -MF"src/pr_tftp_lib/pr_tftp.d" -MT"src/pr_tftp_lib/pr_tftp.o" -o "src/pr_tftp_lib/pr_tftp.o" "../src/pr_tftp_lib/pr_tftp.c"
../src/pr_tftp_lib/pr_tftp.c: In function 'PR_TFTP_SetupConnection':
../src/pr_tftp_lib/pr_tftp.c:627:24: warning: passing argument 2 of 'udp_recv' from incompatible pointer type [-Wincompatible-pointer-types]
   udp_recv(pInfo->Pcb, PR_TFTP_ReceiveCallback, (void *)pInfo);
                        ^~~~~~~~~~~~~~~~~~~~~~~
In file included from ../src/pr_tftp_lib/pr_tftp.h:37,
                 from ../src/pr_tftp_lib/pr_tftp.c:33:
../../lwip211_bsp/microblaze_0/include/lwip/udp.h:128:67: note: expected 'udp_recv_fn' {aka 'void (*)(void *, struct udp_pcb *, struct pbuf *, const struct ip4_addr *, short unsigned int)'} but argument is of type 'void (*)(void *, struct udp_pcb *, struct pbuf *, ip_addr_t *, u16)' {aka 'void (*)(void *, struct udp_pcb *, struct pbuf *, struct ip4_addr *, short unsigned int)'}
 void             udp_recv       (struct udp_pcb *pcb, udp_recv_fn recv,
                                                       ~~~~~~~~~~~~^~~~
Finished building: ../src/pr_tftp_lib/pr_tftp.c
 
Building target: pr_app.elf
Invoking: MicroBlaze gcc linker
mb-gcc -Wl,-T -Wl,../src/lscript.ld -L../../lwip211_bsp/microblaze_0/lib -mlittle-endian -mcpu=v11.0 -mxl-soft-mul -Wl,--no-relax -Wl,--gc-sections -o "pr_app.elf"  ./src/pr_tftp_lib/pr_tftp.o  ./src/main.o ./src/platform.o ./src/platform_mb.o   -Wl,--start-group,-lxil,-lgcc,-lc,--end-group -Wl,--start-group,-lxil,-llwip4,-lgcc,-lc,--end-group
Finished building target: pr_app.elf
 
Invoking: MicroBlaze Print Size
mb-size pr_app.elf  |tee "pr_app.elf.size"
   text	   data	    bss	    dec	    hex	filename
 280192	   1976	 790936	1073104	 105fd0	pr_app.elf
Finished building: pr_app.elf.size
 
16:48:30 **** Incremental Build of configuration Debug for project pr_app ****
make all 
make: Nothing to be done for 'all'.
16:50:07 **** Auto Build of configuration Debug for project pr_app ****
make all 
Building file: ../src/pr_tftp_lib/pr_tftp.c
Invoking: MicroBlaze gcc compiler
mb-gcc -Wall -O0 -g3 -I../../lwip211_bsp/microblaze_0/include -I"/home/vu37p/QiLe/ICAP_bits_mcs/20201013D/pr_app/src/pr_tftp_lib" -I"/home/vu37p/QiLe/ICAP_bits_mcs/20201013D/pr_app/src" -c -fmessage-length=0 -MT"src/pr_tftp_lib/pr_tftp.o" -mlittle-endian -mcpu=v11.0 -mxl-soft-mul -Wl,--no-relax -ffunction-sections -fdata-sections -MMD -MP -MF"src/pr_tftp_lib/pr_tftp.d" -MT"src/pr_tftp_lib/pr_tftp.o" -o "src/pr_tftp_lib/pr_tftp.o" "../src/pr_tftp_lib/pr_tftp.c"
../src/pr_tftp_lib/pr_tftp.c: In function 'PR_TFTP_SetupConnection':
../src/pr_tftp_lib/pr_tftp.c:627:24: warning: passing argument 2 of 'udp_recv' from incompatible pointer type [-Wincompatible-pointer-types]
   udp_recv(pInfo->Pcb, PR_TFTP_ReceiveCallback, (void *)pInfo);
                        ^~~~~~~~~~~~~~~~~~~~~~~
In file included from ../src/pr_tftp_lib/pr_tftp.h:37,
                 from ../src/pr_tftp_lib/pr_tftp.c:33:
../../lwip211_bsp/microblaze_0/include/lwip/udp.h:128:67: note: expected 'udp_recv_fn' {aka 'void (*)(void *, struct udp_pcb *, struct pbuf *, const struct ip4_addr *, short unsigned int)'} but argument is of type 'void (*)(void *, struct udp_pcb *, struct pbuf *, ip_addr_t *, u16)' {aka 'void (*)(void *, struct udp_pcb *, struct pbuf *, struct ip4_addr *, short unsigned int)'}
 void             udp_recv       (struct udp_pcb *pcb, udp_recv_fn recv,
                                                       ~~~~~~~~~~~~^~~~
Finished building: ../src/pr_tftp_lib/pr_tftp.c
 
Building target: pr_app.elf
Invoking: MicroBlaze gcc linker
mb-gcc -Wl,-T -Wl,../src/lscript.ld -L../../lwip211_bsp/microblaze_0/lib -mlittle-endian -mcpu=v11.0 -mxl-soft-mul -Wl,--no-relax -Wl,--gc-sections -o "pr_app.elf"  ./src/pr_tftp_lib/pr_tftp.o  ./src/main.o ./src/platform.o ./src/platform_mb.o   -Wl,--start-group,-lxil,-lgcc,-lc,--end-group -Wl,--start-group,-lxil,-llwip4,-lgcc,-lc,--end-group
Finished building target: pr_app.elf
 
Invoking: MicroBlaze Print Size
mb-size pr_app.elf  |tee "pr_app.elf.size"
   text	   data	    bss	    dec	    hex	filename
 280192	   1976	 790936	1073104	 105fd0	pr_app.elf
Finished building: pr_app.elf.size
 
16:50:10 **** Incremental Build of configuration Debug for project pr_app ****
make all 
make: Nothing to be done for 'all'.
16:56:00 **** Auto Build of configuration Debug for project pr_app ****
make all 
Building file: ../src/pr_tftp_lib/pr_tftp.c
Invoking: MicroBlaze gcc compiler
mb-gcc -Wall -O0 -g3 -I../../lwip211_bsp/microblaze_0/include -I"/home/vu37p/QiLe/ICAP_bits_mcs/20201013D/pr_app/src/pr_tftp_lib" -I"/home/vu37p/QiLe/ICAP_bits_mcs/20201013D/pr_app/src" -c -fmessage-length=0 -MT"src/pr_tftp_lib/pr_tftp.o" -mlittle-endian -mcpu=v11.0 -mxl-soft-mul -Wl,--no-relax -ffunction-sections -fdata-sections -MMD -MP -MF"src/pr_tftp_lib/pr_tftp.d" -MT"src/pr_tftp_lib/pr_tftp.o" -o "src/pr_tftp_lib/pr_tftp.o" "../src/pr_tftp_lib/pr_tftp.c"
../src/pr_tftp_lib/pr_tftp.c: In function 'PR_TFTP_SetupConnection':
../src/pr_tftp_lib/pr_tftp.c:627:24: warning: passing argument 2 of 'udp_recv' from incompatible pointer type [-Wincompatible-pointer-types]
   udp_recv(pInfo->Pcb, PR_TFTP_ReceiveCallback, (void *)pInfo);
                        ^~~~~~~~~~~~~~~~~~~~~~~
In file included from ../src/pr_tftp_lib/pr_tftp.h:37,
                 from ../src/pr_tftp_lib/pr_tftp.c:33:
../../lwip211_bsp/microblaze_0/include/lwip/udp.h:128:67: note: expected 'udp_recv_fn' {aka 'void (*)(void *, struct udp_pcb *, struct pbuf *, const struct ip4_addr *, short unsigned int)'} but argument is of type 'void (*)(void *, struct udp_pcb *, struct pbuf *, ip_addr_t *, u16)' {aka 'void (*)(void *, struct udp_pcb *, struct pbuf *, struct ip4_addr *, short unsigned int)'}
 void             udp_recv       (struct udp_pcb *pcb, udp_recv_fn recv,
                                                       ~~~~~~~~~~~~^~~~
Finished building: ../src/pr_tftp_lib/pr_tftp.c
 
Building target: pr_app.elf
Invoking: MicroBlaze gcc linker
mb-gcc -Wl,-T -Wl,../src/lscript.ld -L../../lwip211_bsp/microblaze_0/lib -mlittle-endian -mcpu=v11.0 -mxl-soft-mul -Wl,--no-relax -Wl,--gc-sections -o "pr_app.elf"  ./src/pr_tftp_lib/pr_tftp.o  ./src/main.o ./src/platform.o ./src/platform_mb.o   -Wl,--start-group,-lxil,-lgcc,-lc,--end-group -Wl,--start-group,-lxil,-llwip4,-lgcc,-lc,--end-group
Finished building target: pr_app.elf
 
Invoking: MicroBlaze Print Size
mb-size pr_app.elf  |tee "pr_app.elf.size"
   text	   data	    bss	    dec	    hex	filename
 280260	   1976	 790940	1073176	 106018	pr_app.elf
Finished building: pr_app.elf.size
 
16:56:02 **** Incremental Build of configuration Debug for project pr_app ****
make all 
make: Nothing to be done for 'all'.
16:58:29 **** Incremental Build of configuration Debug for project pr_app ****
make all 
make: Nothing to be done for 'all'.
16:58:31 **** Incremental Build of configuration Debug for project pr_app ****
make all 
make: Nothing to be done for 'all'.
17:06:34 **** Auto Build of configuration Debug for project pr_app ****
make all 
Building file: ../src/pr_tftp_lib/pr_tftp.c
Invoking: MicroBlaze gcc compiler
mb-gcc -Wall -O0 -g3 -I../../lwip211_bsp/microblaze_0/include -I"/home/vu37p/QiLe/ICAP_bits_mcs/20201013D/pr_app/src/pr_tftp_lib" -I"/home/vu37p/QiLe/ICAP_bits_mcs/20201013D/pr_app/src" -c -fmessage-length=0 -MT"src/pr_tftp_lib/pr_tftp.o" -mlittle-endian -mcpu=v11.0 -mxl-soft-mul -Wl,--no-relax -ffunction-sections -fdata-sections -MMD -MP -MF"src/pr_tftp_lib/pr_tftp.d" -MT"src/pr_tftp_lib/pr_tftp.o" -o "src/pr_tftp_lib/pr_tftp.o" "../src/pr_tftp_lib/pr_tftp.c"
../src/pr_tftp_lib/pr_tftp.c: In function 'PR_TFTP_SetupConnection':
../src/pr_tftp_lib/pr_tftp.c:627:24: warning: passing argument 2 of 'udp_recv' from incompatible pointer type [-Wincompatible-pointer-types]
   udp_recv(pInfo->Pcb, PR_TFTP_ReceiveCallback, (void *)pInfo);
                        ^~~~~~~~~~~~~~~~~~~~~~~
In file included from ../src/pr_tftp_lib/pr_tftp.h:37,
                 from ../src/pr_tftp_lib/pr_tftp.c:33:
../../lwip211_bsp/microblaze_0/include/lwip/udp.h:128:67: note: expected 'udp_recv_fn' {aka 'void (*)(void *, struct udp_pcb *, struct pbuf *, const struct ip4_addr *, short unsigned int)'} but argument is of type 'void (*)(void *, struct udp_pcb *, struct pbuf *, ip_addr_t *, u16)' {aka 'void (*)(void *, struct udp_pcb *, struct pbuf *, struct ip4_addr *, short unsigned int)'}
 void             udp_recv       (struct udp_pcb *pcb, udp_recv_fn recv,
                                                       ~~~~~~~~~~~~^~~~
Finished building: ../src/pr_tftp_lib/pr_tftp.c
 
Building target: pr_app.elf
Invoking: MicroBlaze gcc linker
mb-gcc -Wl,-T -Wl,../src/lscript.ld -L../../lwip211_bsp/microblaze_0/lib -mlittle-endian -mcpu=v11.0 -mxl-soft-mul -Wl,--no-relax -Wl,--gc-sections -o "pr_app.elf"  ./src/pr_tftp_lib/pr_tftp.o  ./src/main.o ./src/platform.o ./src/platform_mb.o   -Wl,--start-group,-lxil,-lgcc,-lc,--end-group -Wl,--start-group,-lxil,-llwip4,-lgcc,-lc,--end-group
Finished building target: pr_app.elf
 
Invoking: MicroBlaze Print Size
mb-size pr_app.elf  |tee "pr_app.elf.size"
   text	   data	    bss	    dec	    hex	filename
 280296	   1976	 790936	1073208	 106038	pr_app.elf
Finished building: pr_app.elf.size
 
17:06:37 **** Incremental Build of configuration Debug for project pr_app ****
make all 
make: Nothing to be done for 'all'.
17:08:52 **** Auto Build of configuration Debug for project pr_app ****
make all 
Building file: ../src/pr_tftp_lib/pr_tftp.c
Invoking: MicroBlaze gcc compiler
mb-gcc -Wall -O0 -g3 -I../../lwip211_bsp/microblaze_0/include -I"/home/vu37p/QiLe/ICAP_bits_mcs/20201013D/pr_app/src/pr_tftp_lib" -I"/home/vu37p/QiLe/ICAP_bits_mcs/20201013D/pr_app/src" -c -fmessage-length=0 -MT"src/pr_tftp_lib/pr_tftp.o" -mlittle-endian -mcpu=v11.0 -mxl-soft-mul -Wl,--no-relax -ffunction-sections -fdata-sections -MMD -MP -MF"src/pr_tftp_lib/pr_tftp.d" -MT"src/pr_tftp_lib/pr_tftp.o" -o "src/pr_tftp_lib/pr_tftp.o" "../src/pr_tftp_lib/pr_tftp.c"
../src/pr_tftp_lib/pr_tftp.c: In function 'PR_TFTP_SetupConnection':
../src/pr_tftp_lib/pr_tftp.c:627:24: warning: passing argument 2 of 'udp_recv' from incompatible pointer type [-Wincompatible-pointer-types]
   udp_recv(pInfo->Pcb, PR_TFTP_ReceiveCallback, (void *)pInfo);
                        ^~~~~~~~~~~~~~~~~~~~~~~
In file included from ../src/pr_tftp_lib/pr_tftp.h:37,
                 from ../src/pr_tftp_lib/pr_tftp.c:33:
../../lwip211_bsp/microblaze_0/include/lwip/udp.h:128:67: note: expected 'udp_recv_fn' {aka 'void (*)(void *, struct udp_pcb *, struct pbuf *, const struct ip4_addr *, short unsigned int)'} but argument is of type 'void (*)(void *, struct udp_pcb *, struct pbuf *, ip_addr_t *, u16)' {aka 'void (*)(void *, struct udp_pcb *, struct pbuf *, struct ip4_addr *, short unsigned int)'}
 void             udp_recv       (struct udp_pcb *pcb, udp_recv_fn recv,
                                                       ~~~~~~~~~~~~^~~~
Finished building: ../src/pr_tftp_lib/pr_tftp.c
 
Building target: pr_app.elf
Invoking: MicroBlaze gcc linker
mb-gcc -Wl,-T -Wl,../src/lscript.ld -L../../lwip211_bsp/microblaze_0/lib -mlittle-endian -mcpu=v11.0 -mxl-soft-mul -Wl,--no-relax -Wl,--gc-sections -o "pr_app.elf"  ./src/pr_tftp_lib/pr_tftp.o  ./src/main.o ./src/platform.o ./src/platform_mb.o   -Wl,--start-group,-lxil,-lgcc,-lc,--end-group -Wl,--start-group,-lxil,-llwip4,-lgcc,-lc,--end-group
Finished building target: pr_app.elf
 
Invoking: MicroBlaze Print Size
mb-size pr_app.elf  |tee "pr_app.elf.size"
   text	   data	    bss	    dec	    hex	filename
 280296	   1976	 790936	1073208	 106038	pr_app.elf
Finished building: pr_app.elf.size
 
17:08:55 **** Incremental Build of configuration Debug for project pr_app ****
make all 
make: Nothing to be done for 'all'.
17:10:23 **** Auto Build of configuration Debug for project pr_app ****
make all 
Building file: ../src/pr_tftp_lib/pr_tftp.c
Invoking: MicroBlaze gcc compiler
mb-gcc -Wall -O0 -g3 -I../../lwip211_bsp/microblaze_0/include -I"/home/vu37p/QiLe/ICAP_bits_mcs/20201013D/pr_app/src/pr_tftp_lib" -I"/home/vu37p/QiLe/ICAP_bits_mcs/20201013D/pr_app/src" -c -fmessage-length=0 -MT"src/pr_tftp_lib/pr_tftp.o" -mlittle-endian -mcpu=v11.0 -mxl-soft-mul -Wl,--no-relax -ffunction-sections -fdata-sections -MMD -MP -MF"src/pr_tftp_lib/pr_tftp.d" -MT"src/pr_tftp_lib/pr_tftp.o" -o "src/pr_tftp_lib/pr_tftp.o" "../src/pr_tftp_lib/pr_tftp.c"
../src/pr_tftp_lib/pr_tftp.c: In function 'PR_TFTP_SetupConnection':
../src/pr_tftp_lib/pr_tftp.c:627:24: warning: passing argument 2 of 'udp_recv' from incompatible pointer type [-Wincompatible-pointer-types]
   udp_recv(pInfo->Pcb, PR_TFTP_ReceiveCallback, (void *)pInfo);
                        ^~~~~~~~~~~~~~~~~~~~~~~
In file included from ../src/pr_tftp_lib/pr_tftp.h:37,
                 from ../src/pr_tftp_lib/pr_tftp.c:33:
../../lwip211_bsp/microblaze_0/include/lwip/udp.h:128:67: note: expected 'udp_recv_fn' {aka 'void (*)(void *, struct udp_pcb *, struct pbuf *, const struct ip4_addr *, short unsigned int)'} but argument is of type 'void (*)(void *, struct udp_pcb *, struct pbuf *, ip_addr_t *, u16)' {aka 'void (*)(void *, struct udp_pcb *, struct pbuf *, struct ip4_addr *, short unsigned int)'}
 void             udp_recv       (struct udp_pcb *pcb, udp_recv_fn recv,
                                                       ~~~~~~~~~~~~^~~~
Finished building: ../src/pr_tftp_lib/pr_tftp.c
 
Building target: pr_app.elf
Invoking: MicroBlaze gcc linker
mb-gcc -Wl,-T -Wl,../src/lscript.ld -L../../lwip211_bsp/microblaze_0/lib -mlittle-endian -mcpu=v11.0 -mxl-soft-mul -Wl,--no-relax -Wl,--gc-sections -o "pr_app.elf"  ./src/pr_tftp_lib/pr_tftp.o  ./src/main.o ./src/platform.o ./src/platform_mb.o   -Wl,--start-group,-lxil,-lgcc,-lc,--end-group -Wl,--start-group,-lxil,-llwip4,-lgcc,-lc,--end-group
Finished building target: pr_app.elf
 
Invoking: MicroBlaze Print Size
mb-size pr_app.elf  |tee "pr_app.elf.size"
   text	   data	    bss	    dec	    hex	filename
 280296	   1976	 790936	1073208	 106038	pr_app.elf
Finished building: pr_app.elf.size
 
17:10:27 **** Incremental Build of configuration Debug for project pr_app ****
make all 
make: Nothing to be done for 'all'.
17:11:57 **** Auto Build of configuration Debug for project pr_app ****
make all 
Building file: ../src/pr_tftp_lib/pr_tftp.c
Invoking: MicroBlaze gcc compiler
mb-gcc -Wall -O0 -g3 -I../../lwip211_bsp/microblaze_0/include -I"/home/vu37p/QiLe/ICAP_bits_mcs/20201013D/pr_app/src/pr_tftp_lib" -I"/home/vu37p/QiLe/ICAP_bits_mcs/20201013D/pr_app/src" -c -fmessage-length=0 -MT"src/pr_tftp_lib/pr_tftp.o" -mlittle-endian -mcpu=v11.0 -mxl-soft-mul -Wl,--no-relax -ffunction-sections -fdata-sections -MMD -MP -MF"src/pr_tftp_lib/pr_tftp.d" -MT"src/pr_tftp_lib/pr_tftp.o" -o "src/pr_tftp_lib/pr_tftp.o" "../src/pr_tftp_lib/pr_tftp.c"
../src/pr_tftp_lib/pr_tftp.c: In function 'PR_TFTP_SetupConnection':
../src/pr_tftp_lib/pr_tftp.c:627:24: warning: passing argument 2 of 'udp_recv' from incompatible pointer type [-Wincompatible-pointer-types]
   udp_recv(pInfo->Pcb, PR_TFTP_ReceiveCallback, (void *)pInfo);
                        ^~~~~~~~~~~~~~~~~~~~~~~
In file included from ../src/pr_tftp_lib/pr_tftp.h:37,
                 from ../src/pr_tftp_lib/pr_tftp.c:33:
../../lwip211_bsp/microblaze_0/include/lwip/udp.h:128:67: note: expected 'udp_recv_fn' {aka 'void (*)(void *, struct udp_pcb *, struct pbuf *, const struct ip4_addr *, short unsigned int)'} but argument is of type 'void (*)(void *, struct udp_pcb *, struct pbuf *, ip_addr_t *, u16)' {aka 'void (*)(void *, struct udp_pcb *, struct pbuf *, struct ip4_addr *, short unsigned int)'}
 void             udp_recv       (struct udp_pcb *pcb, udp_recv_fn recv,
                                                       ~~~~~~~~~~~~^~~~
Finished building: ../src/pr_tftp_lib/pr_tftp.c
 
Building target: pr_app.elf
Invoking: MicroBlaze gcc linker
mb-gcc -Wl,-T -Wl,../src/lscript.ld -L../../lwip211_bsp/microblaze_0/lib -mlittle-endian -mcpu=v11.0 -mxl-soft-mul -Wl,--no-relax -Wl,--gc-sections -o "pr_app.elf"  ./src/pr_tftp_lib/pr_tftp.o  ./src/main.o ./src/platform.o ./src/platform_mb.o   -Wl,--start-group,-lxil,-lgcc,-lc,--end-group -Wl,--start-group,-lxil,-llwip4,-lgcc,-lc,--end-group
Finished building target: pr_app.elf
 
Invoking: MicroBlaze Print Size
mb-size pr_app.elf  |tee "pr_app.elf.size"
   text	   data	    bss	    dec	    hex	filename
 280296	   1976	 790936	1073208	 106038	pr_app.elf
Finished building: pr_app.elf.size
 
17:11:59 **** Incremental Build of configuration Debug for project pr_app ****
make all 
make: Nothing to be done for 'all'.
17:14:53 **** Auto Build of configuration Debug for project pr_app ****
make all 
Building file: ../src/pr_tftp_lib/pr_tftp.c
Invoking: MicroBlaze gcc compiler
mb-gcc -Wall -O0 -g3 -I../../lwip211_bsp/microblaze_0/include -I"/home/vu37p/QiLe/ICAP_bits_mcs/20201013D/pr_app/src/pr_tftp_lib" -I"/home/vu37p/QiLe/ICAP_bits_mcs/20201013D/pr_app/src" -c -fmessage-length=0 -MT"src/pr_tftp_lib/pr_tftp.o" -mlittle-endian -mcpu=v11.0 -mxl-soft-mul -Wl,--no-relax -ffunction-sections -fdata-sections -MMD -MP -MF"src/pr_tftp_lib/pr_tftp.d" -MT"src/pr_tftp_lib/pr_tftp.o" -o "src/pr_tftp_lib/pr_tftp.o" "../src/pr_tftp_lib/pr_tftp.c"
[...]
                ^~~~~~~~~~~~~~~~~~~~~~~~~~~~~~~~~~~~~~~~~~~~~~~~~~~~~~~~~~~~~~~~~~~~~~~~~~~~~~~~~~~~~~~~~~~~~~~~~~~~~~~~~~~~~~~~~~~~~~~~~~~~~~~~~
../src/main.c:254:16: warning: unknown escape sequence: '\@'
../src/main.c:255:16: warning: unknown escape sequence: '\,'
     xil_printf("@@@@@@@@@@@@@`-------/`,/@@@\,----------\@@@.----------=@@@@@@@@@@@@@@@@@@@@@@@`.------------------------------------,@@@@@@@@@");
                ^~~~~~~~~~~~~~~~~~~~~~~~~~~~~~~~~~~~~~~~~~~~~~~~~~~~~~~~~~~~~~~~~~~~~~~~~~~~~~~~~~~~~~~~~~~~~~~~~~~~~~~~~~~~~~~~~~~~~~~~~~~~~~~~~
../src/main.c:255:16: warning: unknown escape sequence: '\@'
../src/main.c:257:16: warning: unknown escape sequence: '\-'
     xil_printf("@@@@@@@@@@.-----------------------------=@@^-----------=@@@@@@@@@@@@@@@@@@@@@@@@@@@@@@@@@@@@@@@@@@@@@@@@@@@\-----------.@@@@@@@");
                ^~~~~~~~~~~~~~~~~~~~~~~~~~~~~~~~~~~~~~~~~~~~~~~~~~~~~~~~~~~~~~~~~~~~~~~~~~~~~~~~~~~~~~~~~~~~~~~~~~~~~~~~~~~~~~~~~~~~~~~~~~~~~~~~~
../src/main.c:258:16: warning: unknown escape sequence: '\-'
     xil_printf("@@@@@@@@`-------,]]]]]]]]]]]]]`---------.@@^-----------=@@@@@@@@@@@@@@@@@@@@@@@@@@@@@@@@@@@@@@@@@@@@@@@@@@@@\-----------.\@@@@@");
                ^~~~~~~~~~~~~~~~~~~~~~~~~~~~~~~~~~~~~~~~~~~~~~~~~~~~~~~~~~~~~~~~~~~~~~~~~~~~~~~~~~~~~~~~~~~~~~~~~~~~~~~~~~~~~~~~~~~~~~~~~~~~~~~~~
../src/main.c:258:16: warning: unknown escape sequence: '\@'
../src/main.c:259:16: warning: unknown escape sequence: '\@'
     xil_printf("@@@@@@`-------,@@@@@@@@@@@@@@@^----------=@^------------,[[[[[[[[[[[[[[[[[[\@@@/[[[[[[[[[[[[[[[[[[[[[[[[[[[[`.------------\@@@@");
                ^~~~~~~~~~~~~~~~~~~~~~~~~~~~~~~~~~~~~~~~~~~~~~~~~~~~~~~~~~~~~~~~~~~~~~~~~~~~~~~~~~~~~~~~~~~~~~~~~~~~~~~~~~~~~~~~~~~~~~~~~~~~~~~~~
../src/main.c:259:16: warning: unknown escape sequence: '\@'
../src/main.c: In function 'main':
../src/main.c:287:17: warning: unused variable 'pRMInfo' [-Wunused-variable]
   pr_tftp_rm_s *pRMInfo;
                 ^~~~~~~
../src/main.c:286:17: warning: unused variable 'pRPInfo' [-Wunused-variable]
   pr_tftp_rp_s *pRPInfo;
                 ^~~~~~~
Finished building: ../src/main.c
 
Building target: pr_app.elf
Invoking: MicroBlaze gcc linker
mb-gcc -Wl,-T -Wl,../src/lscript.ld -L../../lwip211_bsp/microblaze_0/lib -mlittle-endian -mcpu=v11.0 -mxl-soft-mul -Wl,--no-relax -Wl,--gc-sections -o "pr_app.elf"  ./src/pr_tftp_lib/pr_tftp.o  ./src/main.o ./src/platform.o ./src/platform_mb.o   -Wl,--start-group,-lxil,-lgcc,-lc,--end-group -Wl,--start-group,-lxil,-llwip4,-lgcc,-lc,--end-group
Finished building target: pr_app.elf
 
Invoking: MicroBlaze Print Size
mb-size pr_app.elf  |tee "pr_app.elf.size"
   text	   data	    bss	    dec	    hex	filename
 147928	   1976	 790936	 940840	  e5b28	pr_app.elf
Finished building: pr_app.elf.size
 
20:45:54 **** Incremental Build of configuration Debug for project pr_app ****
make all 
make: Nothing to be done for 'all'.
20:49:21 **** Auto Build of configuration Debug for project pr_app ****
make all 
Building file: ../src/main.c
Invoking: MicroBlaze gcc compiler
mb-gcc -Wall -O0 -g3 -I../../lwip211_bsp/microblaze_0/include -I"/home/vu37p/QiLe/ICAP_bits_mcs/20201013D/pr_app/src/pr_tftp_lib" -I"/home/vu37p/QiLe/ICAP_bits_mcs/20201013D/pr_app/src" -c -fmessage-length=0 -MT"src/main.o" -mlittle-endian -mcpu=v11.0 -mxl-soft-mul -Wl,--no-relax -ffunction-sections -fdata-sections -MMD -MP -MF"src/main.d" -MT"src/main.o" -o "src/main.o" "../src/main.c"
../src/main.c: In function 'print_app_header':
../src/main.c:227:16: warning: unknown escape sequence: '\@'
     xil_printf("@@@@@@@@@@@@@@@@@@@@@@@@@@@@@@@@@@@@@@@@@@@@@@@@@@@@@@@@@@/[[[[[[[[[[[[[\@@@@@@@@@@@@@@@@@@@@@@@@@@@@@@@@@@@@@@@@@@@@@@@@@@@@@@\n\r");
                ^~~~~~~~~~~~~~~~~~~~~~~~~~~~~~~~~~~~~~~~~~~~~~~~~~~~~~~~~~~~~~~~~~~~~~~~~~~~~~~~~~~~~~~~~~~~~~~~~~~~~~~~~~~~~~~~~~~~~~~~~~~~~~~~~~~~~
../src/main.c:230:16: warning: unknown escape sequence: '\@'
     xil_printf("@@@@@@@@@@@@@@@@@@@@@@@@@@@@@@@@@@@@@@@@@@/`                                           \@@@@@@@@@@@@@@@@@@@@@@@@@@@@@@@@@@@@@@@\n\r");
                ^~~~~~~~~~~~~~~~~~~~~~~~~~~~~~~~~~~~~~~~~~~~~~~~~~~~~~~~~~~~~~~~~~~~~~~~~~~~~~~~~~~~~~~~~~~~~~~~~~~~~~~~~~~~~~~~~~~~~~~~~~~~~~~~~~~~~
../src/main.c:231:16: warning: unknown escape sequence: '\@'
     xil_printf("@@@@@@@@@@@@@@@@@@@@@@@@@@@@@@@@@@@@@@@@`                                                 \@@@@@@@@@@@@@@@@@@@@@@@@@@@@@@@@@@@@\n\r");
                ^~~~~~~~~~~~~~~~~~~~~~~~~~~~~~~~~~~~~~~~~~~~~~~~~~~~~~~~~~~~~~~~~~~~~~~~~~~~~~~~~~~~~~~~~~~~~~~~~~~~~~~~~~~~~~~~~~~~~~~~~~~~~~~~~~~~~
../src/main.c:235:16: warning: unknown escape sequence: '\@'
     xil_printf("@@@@@@@@@@@@@@@@@@@@@@@@@@@@@@@@`                                                                 \@@@@@@@@@@@@@@@@@@@@@@@@@@@@\n\r");
                ^~~~~~~~~~~~~~~~~~~~~~~~~~~~~~~~~~~~~~~~~~~~~~~~~~~~~~~~~~~~~~~~~~~~~~~~~~~~~~~~~~~~~~~~~~~~~~~~~~~~~~~~~~~~~~~~~~~~~~~~~~~~~~~~~~~~~
../src/main.c:238:16: warning: unknown escape sequence: '\@'
     xil_printf("@@@@@@@@@@@@@@@@@@@@@@@@@@@@`                                                                         \@@@@@@@@@@@@@@@@@@@@@@@@\n\r");
                ^~~~~~~~~~~~~~~~~~~~~~~~~~~~~~~~~~~~~~~~~~~~~~~~~~~~~~~~~~~~~~~~~~~~~~~~~~~~~~~~~~~~~~~~~~~~~~~~~~~~~~~~~~~~~~~~~~~~~~~~~~~~~~~~~~~~~
../src/main.c:251:16: warning: unknown escape sequence: '\@'
     xil_printf("@@@@@@@@@@@@@@@@@@@@`------./.--------.@@@@@@----------,@@@@@@@@@@@@@@@@@@@@@.---------\@@@@@@@@@@@@@@@@@@@@@@@@@@@@@@@@@@@@@@@\n\r");
                ^~~~~~~~~~~~~~~~~~~~~~~~~~~~~~~~~~~~~~~~~~~~~~~~~~~~~~~~~~~~~~~~~~~~~~~~~~~~~~~~~~~~~~~~~~~~~~~~~~~~~~~~~~~~~~~~~~~~~~~~~~~~~~~~~~~~~
../src/main.c:252:16: warning: unknown escape sequence: '\@'
     xil_printf("@@@@@@@@@@@@@@@@@@/-------=/,`---------=@@@@^----------=@@@@@@@@@@@@@@@@@@@@@^---------.[[[[[[[[[[[[[[[[[[[[[[\@@@@@@@@@@@@@@@@\n\r");
                ^~~~~~~~~~~~~~~~~~~~~~~~~~~~~~~~~~~~~~~~~~~~~~~~~~~~~~~~~~~~~~~~~~~~~~~~~~~~~~~~~~~~~~~~~~~~~~~~~~~~~~~~~~~~~~~~~~~~~~~~~~~~~~~~~~~~~
../src/main.c:253:16: warning: unknown escape sequence: '\@'
     xil_printf("@@@@@@@@@@@@@@@@/.------,/.--^---------=@@@@^----------=@@@@@@@@@@@@@@@@@@@@@^-----------------------------------.\@@@@@@@@@@@@\n\r");
                ^~~~~~~~~~~~~~~~~~~~~~~~~~~~~~~~~~~~~~~~~~~~~~~~~~~~~~~~~~~~~~~~~~~~~~~~~~~~~~~~~~~~~~~~~~~~~~~~~~~~~~~~~~~~~~~~~~~~~~~~~~~~~~~~~~~~~
../src/main.c:254:16: warning: unknown escape sequence: '\-'
     xil_printf("@@@@@@@@@@@@@@@`------./`./\- ---------.@@@@.----------=@@@@@@@@@@@@@@@@@@@@@@.------------------------------------.\@@@@@@@@@@\n\r");
                ^~~~~~~~~~~~~~~~~~~~~~~~~~~~~~~~~~~~~~~~~~~~~~~~~~~~~~~~~~~~~~~~~~~~~~~~~~~~~~~~~~~~~~~~~~~~~~~~~~~~~~~~~~~~~~~~~~~~~~~~~~~~~~~~~~~~~
../src/main.c:254:16: warning: unknown escape sequence: '\@'
../src/main.c:255:16: warning: unknown escape sequence: '\,'
     xil_printf("@@@@@@@@@@@@@`-------/`,/@@@\,----------\@@@.----------=@@@@@@@@@@@@@@@@@@@@@@@`.------------------------------------,@@@@@@@@@\n\r");
                ^~~~~~~~~~~~~~~~~~~~~~~~~~~~~~~~~~~~~~~~~~~~~~~~~~~~~~~~~~~~~~~~~~~~~~~~~~~~~~~~~~~~~~~~~~~~~~~~~~~~~~~~~~~~~~~~~~~~~~~~~~~~~~~~~~~~~
../src/main.c:255:16: warning: unknown escape sequence: '\@'
../src/main.c:257:16: warning: unknown escape sequence: '\-'
     xil_printf("@@@@@@@@@@.-----------------------------=@@^-----------=@@@@@@@@@@@@@@@@@@@@@@@@@@@@@@@@@@@@@@@@@@@@@@@@@@@\-----------.@@@@@@@\n\r");
                ^~~~~~~~~~~~~~~~~~~~~~~~~~~~~~~~~~~~~~~~~~~~~~~~~~~~~~~~~~~~~~~~~~~~~~~~~~~~~~~~~~~~~~~~~~~~~~~~~~~~~~~~~~~~~~~~~~~~~~~~~~~~~~~~~~~~~
../src/main.c:258:16: warning: unknown escape sequence: '\-'
     xil_printf("@@@@@@@@`-------,]]]]]]]]]]]]]`---------.@@^-----------=@@@@@@@@@@@@@@@@@@@@@@@@@@@@@@@@@@@@@@@@@@@@@@@@@@@@\-----------.\@@@@@\n\r");
                ^~~~~~~~~~~~~~~~~~~~~~~~~~~~~~~~~~~~~~~~~~~~~~~~~~~~~~~~~~~~~~~~~~~~~~~~~~~~~~~~~~~~~~~~~~~~~~~~~~~~~~~~~~~~~~~~~~~~~~~~~~~~~~~~~~~~~
../src/main.c:258:16: warning: unknown escape sequence: '\@'
../src/main.c:259:16: warning: unknown escape sequence: '\@'
     xil_printf("@@@@@@`-------,@@@@@@@@@@@@@@@^----------=@^------------,[[[[[[[[[[[[[[[[[[\@@@/[[[[[[[[[[[[[[[[[[[[[[[[[[[[`.------------\@@@@\n\r");
                ^~~~~~~~~~~~~~~~~~~~~~~~~~~~~~~~~~~~~~~~~~~~~~~~~~~~~~~~~~~~~~~~~~~~~~~~~~~~~~~~~~~~~~~~~~~~~~~~~~~~~~~~~~~~~~~~~~~~~~~~~~~~~~~~~~~~~
../src/main.c:259:16: warning: unknown escape sequence: '\@'
../src/main.c: In function 'main':
../src/main.c:287:17: warning: unused variable 'pRMInfo' [-Wunused-variable]
   pr_tftp_rm_s *pRMInfo;
                 ^~~~~~~
../src/main.c:286:17: warning: unused variable 'pRPInfo' [-Wunused-variable]
   pr_tftp_rp_s *pRPInfo;
                 ^~~~~~~
Finished building: ../src/main.c
 
Building target: pr_app.elf
Invoking: MicroBlaze gcc linker
mb-gcc -Wl,-T -Wl,../src/lscript.ld -L../../lwip211_bsp/microblaze_0/lib -mlittle-endian -mcpu=v11.0 -mxl-soft-mul -Wl,--no-relax -Wl,--gc-sections -o "pr_app.elf"  ./src/pr_tftp_lib/pr_tftp.o  ./src/main.o ./src/platform.o ./src/platform_mb.o   -Wl,--start-group,-lxil,-lgcc,-lc,--end-group -Wl,--start-group,-lxil,-llwip4,-lgcc,-lc,--end-group
Finished building target: pr_app.elf
 
Invoking: MicroBlaze Print Size
mb-size pr_app.elf  |tee "pr_app.elf.size"
   text	   data	    bss	    dec	    hex	filename
 148056	   1976	 790936	 940968	  e5ba8	pr_app.elf
Finished building: pr_app.elf.size
 
20:49:24 **** Incremental Build of configuration Debug for project pr_app ****
make all 
make: Nothing to be done for 'all'.
22:57:50 **** Auto Build of configuration Debug for project pr_app ****
make all 
Building file: ../src/main.c
Invoking: MicroBlaze gcc compiler
mb-gcc -Wall -O0 -g3 -I../../lwip211_bsp/microblaze_0/include -I"/home/vu37p/QiLe/ICAP_bits_mcs/20201013D/pr_app/src/pr_tftp_lib" -I"/home/vu37p/QiLe/ICAP_bits_mcs/20201013D/pr_app/src" -c -fmessage-length=0 -MT"src/main.o" -mlittle-endian -mcpu=v11.0 -mxl-soft-mul -Wl,--no-relax -ffunction-sections -fdata-sections -MMD -MP -MF"src/main.d" -MT"src/main.o" -o "src/main.o" "../src/main.c"
../src/main.c: In function 'print_app_header':
../src/main.c:233:16: warning: unknown escape sequence: '\`'
     xil_printf("..............................................]@@@@@@@@@@@@@@@@@@@@@@@@@@@@@@@@@@@\`..........................................\n\r");
                ^~~~~~~~~~~~~~~~~~~~~~~~~~~~~~~~~~~~~~~~~~~~~~~~~~~~~~~~~~~~~~~~~~~~~~~~~~~~~~~~~~~~~~~~~~~~~~~~~~~~~~~~~~~~~~~~~~~~~~~~~~~~~~~~~~~~
../src/main.c:235:16: warning: unknown escape sequence: '\/'
     xil_printf(".......................................,/@@@@@@@@@@@@@@@@@@O\/@@@@@@@@@@@@@@@@@@@@@@@@@@@]....................................\n\r");
                ^~~~~~~~~~~~~~~~~~~~~~~~~~~~~~~~~~~~~~~~~~~~~~~~~~~~~~~~~~~~~~~~~~~~~~~~~~~~~~~~~~~~~~~~~~~~~~~~~~~~~~~~~~~~~~~~~~~~~~~~~~~~~~~~~~~~
../src/main.c:236:16: warning: unknown escape sequence: '\@'
     xil_printf(".....................................]@@@@@@@@@@@@@@@@@@@@^^,^.,=\@@@@@@@@@@@@@@@@@@@@@@@@@\`.................................\n\r");
                ^~~~~~~~~~~~~~~~~~~~~~~~~~~~~~~~~~~~~~~~~~~~~~~~~~~~~~~~~~~~~~~~~~~~~~~~~~~~~~~~~~~~~~~~~~~~~~~~~~~~~~~~~~~~~~~~~~~~~~~~~~~~~~~~~~~~
../src/main.c:236:16: warning: unknown escape sequence: '\`'
../src/main.c:238:16: warning: unknown escape sequence: '\/'
     xil_printf("................................./@@@@@@@@@@@@@@@@@@@@@@\/`..=O`....,@@@@@@@@@@@@@@@@@@@@@@@@@@@..............................\n\r");
                ^~~~~~~~~~~~~~~~~~~~~~~~~~~~~~~~~~~~~~~~~~~~~~~~~~~~~~~~~~~~~~~~~~~~~~~~~~~~~~~~~~~~~~~~~~~~~~~~~~~~~~~~~~~~~~~~~~~~~~~~~~~~~~~~~~~~
../src/main.c:239:16: warning: unknown escape sequence: '\.'
     xil_printf("...............................,@@@@@@@@@@@@@@@@@@@@@@@......,OO.....=@@@@@@@@@@@@@@@@@@@@@@@@@@@\............................\n\r");
                ^~~~~~~~~~~~~~~~~~~~~~~~~~~~~~~~~~~~~~~~~~~~~~~~~~~~~~~~~~~~~~~~~~~~~~~~~~~~~~~~~~~~~~~~~~~~~~~~~~~~~~~~~~~~~~~~~~~~~~~~~~~~~~~~~~~~
../src/main.c:240:16: warning: unknown escape sequence: '\O'
     xil_printf("..............................=@@@@@@@@@@@@@@@@@@@@@@[\O\`....,OO.....\\@@@@@@@@@@@@@@@@@@@@@@@@@@@...........................\n\r");
                ^~~~~~~~~~~~~~~~~~~~~~~~~~~~~~~~~~~~~~~~~~~~~~~~~~~~~~~~~~~~~~~~~~~~~~~~~~~~~~~~~~~~~~~~~~~~~~~~~~~~~~~~~~~~~~~~~~~~~~~~~~~~~~~~~~~~
../src/main.c:240:16: warning: unknown escape sequence: '\`'
../src/main.c:241:16: warning: unknown escape sequence: '\.'
     xil_printf("............................./@@@@@@@@@@@@@@@@@@@@@@@^.=OO^.....O\.....\@@@@@@@@@@@@@@@@@@@@@@@@@@@@`.........................\n\r");
                ^~~~~~~~~~~~~~~~~~~~~~~~~~~~~~~~~~~~~~~~~~~~~~~~~~~~~~~~~~~~~~~~~~~~~~~~~~~~~~~~~~~~~~~~~~~~~~~~~~~~~~~~~~~~~~~~~~~~~~~~~~~~~~~~~~~~
../src/main.c:241:16: warning: unknown escape sequence: '\@'
../src/main.c:242:16: warning: unknown escape sequence: '\@'
     xil_printf("............................@@@@@@@@@@@@@@/`,O\@@@@\`...OOO^.....O\.....\/@@O@@@@@@@@@@@@@@@@@@@@@@@@^........................\n\r");
                ^~~~~~~~~~~~~~~~~~~~~~~~~~~~~~~~~~~~~~~~~~~~~~~~~~~~~~~~~~~~~~~~~~~~~~~~~~~~~~~~~~~~~~~~~~~~~~~~~~~~~~~~~~~~~~~~~~~~~~~~~~~~~~~~~~~~
../src/main.c:242:16: warning: unknown escape sequence: '\`'
../src/main.c:242:16: warning: unknown escape sequence: '\.'
../src/main.c:242:16: warning: unknown escape sequence: '\/'
../src/main.c:243:16: warning: unknown escape sequence: '\@'
     xil_printf("...........................@@@@@@@@@@@@@@/...OO\@@@^....=OOO`.....\\..........\@@@@@@@@@@@@@@@@@@@@@@@`.......................\n\r");
                ^~~~~~~~~~~~~~~~~~~~~~~~~~~~~~~~~~~~~~~~~~~~~~~~~~~~~~~~~~~~~~~~~~~~~~~~~~~~~~~~~~~~~~~~~~~~~~~~~~~~~~~~~~~~~~~~~~~~~~~~~~~~~~~~~~~~
../src/main.c:243:16: warning: unknown escape sequence: '\@'
../src/main.c:245:16: warning: unknown escape sequence: '\.'
     xil_printf(".........................=@@@@@@@@@@@@@^.....=^.O@@^.....OOOOO......=\......O...,\/@@@@@@@@@@@@@@@@@@@@@......................\n\r");
                ^~~~~~~~~~~~~~~~~~~~~~~~~~~~~~~~~~~~~~~~~~~~~~~~~~~~~~~~~~~~~~~~~~~~~~~~~~~~~~~~~~~~~~~~~~~~~~~~~~~~~~~~~~~~~~~~~~~~~~~~~~~~~~~~~~~~
../src/main.c:245:16: warning: unknown escape sequence: '\/'
../src/main.c:248:16: warning: unknown escape sequence: '\@'
     xil_printf("........................@@@@/,[OOOOOO^.=OO........=O^......=OOOO`......O^....=OO.......\@@@@@@@/.\O\@@@@@^....................\n\r");
                ^~~~~~~~~~~~~~~~~~~~~~~~~~~~~~~~~~~~~~~~~~~~~~~~~~~~~~~~~~~~~~~~~~~~~~~~~~~~~~~~~~~~~~~~~~~~~~~~~~~~~~~~~~~~~~~~~~~~~~~~~~~~~~~~~~~~
../src/main.c:248:16: warning: unknown escape sequence: '\O'
../src/main.c:248:16: warning: unknown escape sequence: '\@'
../src/main.c:249:16: warning: unknown escape sequence: '\O'
     xil_printf("........................@@O......OOOO...\O^........\O^......=OOOO......,O^....OOO.......,OO@@@^..,OOOO@@@@....................\n\r");
                ^~~~~~~~~~~~~~~~~~~~~~~~~~~~~~~~~~~~~~~~~~~~~~~~~~~~~~~~~~~~~~~~~~~~~~~~~~~~~~~~~~~~~~~~~~~~~~~~~~~~~~~~~~~~~~~~~~~~~~~~~~~~~~~~~~~~
../src/main.c:249:16: warning: unknown escape sequence: '\O'
../src/main.c:250:16: warning: unknown escape sequence: '\.'
     xil_printf(".......................=@/.......,OO^....,O\........OO.......=OOO\......=O^...=OO\........\O/@^...=OOOOO@@....................\n\r");
                ^~~~~~~~~~~~~~~~~~~~~~~~~~~~~~~~~~~~~~~~~~~~~~~~~~~~~~~~~~~~~~~~~~~~~~~~~~~~~~~~~~~~~~~~~~~~~~~~~~~~~~~~~~~~~~~~~~~~~~~~~~~~~~~~~~~~
../src/main.c:250:16: warning: unknown escape sequence: '\.'
../src/main.c:250:16: warning: unknown escape sequence: '\.'
../src/main.c:250:16: warning: unknown escape sequence: '\O'
../src/main.c:251:16: warning: unknown escape sequence: '\O'
     xil_printf(".......................=^.........[[.......\O\.......[`.......,[[[`......[[^..,[`.............................................\n\r");
                ^~~~~~~~~~~~~~~~~~~~~~~~~~~~~~~~~~~~~~~~~~~~~~~~~~~~~~~~~~~~~~~~~~~~~~~~~~~~~~~~~~~~~~~~~~~~~~~~~~~~~~~~~~~~~~~~~~~~~~~~~~~~~~~~~~~~
../src/main.c:251:16: warning: unknown escape sequence: '\.'
../src/main.c:257:16: warning: unknown escape sequence: '\.'
     xil_printf("................,@@@@@@`.,/\.=@@@@@@@@\.....=@@@@@@@@@@.......................@@@@@@@@@@@@@@@@@@@@@@@@@@@@@@@@@@@]............\n\r");
                ^~~~~~~~~~~~~~~~~~~~~~~~~~~~~~~~~~~~~~~~~~~~~~~~~~~~~~~~~~~~~~~~~~~~~~~~~~~~~~~~~~~~~~~~~~~~~~~~~~~~~~~~~~~~~~~~~~~~~~~~~~~~~~~~~~~~
../src/main.c:257:16: warning: unknown escape sequence: '\.'
../src/main.c:258:16: warning: unknown escape sequence: '\@'
     xil_printf("..............,@@@@@@^......`=@@@@@@@@@.....@@@@@@@@@@@.......................\@@@@@@@@@@@@@@@@@@@@@@@@@@@@@@@@@@@@`..........\n\r");
                ^~~~~~~~~~~~~~~~~~~~~~~~~~~~~~~~~~~~~~~~~~~~~~~~~~~~~~~~~~~~~~~~~~~~~~~~~~~~~~~~~~~~~~~~~~~~~~~~~~~~~~~~~~~~~~~~~~~~~~~~~~~~~~~~~~~~
../src/main.c:259:16: warning: unknown escape sequence: '\@'
     xil_printf("............./@@@@@/..........@@@@@@@@@`....@@@@@@@@@@^.........................,[\@@@@@@@@@@@@@@@@@@@@@@@@@@@@@@@@@\.........\n\r");
                ^~~~~~~~~~~~~~~~~~~~~~~~~~~~~~~~~~~~~~~~~~~~~~~~~~~~~~~~~~~~~~~~~~~~~~~~~~~~~~~~~~~~~~~~~~~~~~~~~~~~~~~~~~~~~~~~~~~~~~~~~~~~~~~~~~~~
../src/main.c:259:16: warning: unknown escape sequence: '\.'
../src/main.c:260:16: warning: unknown escape sequence: '\@'
     xil_printf(".........../@@@@@@@@@@@@@@@@@@@@@@@@@@@^....@@@@@@@@@@^....................................................\@@@@@@@@@@........\n\r");
                ^~~~~~~~~~~~~~~~~~~~~~~~~~~~~~~~~~~~~~~~~~~~~~~~~~~~~~~~~~~~~~~~~~~~~~~~~~~~~~~~~~~~~~~~~~~~~~~~~~~~~~~~~~~~~~~~~~~~~~~~~~~~~~~~~~~~
../src/main.c:261:16: warning: unknown escape sequence: '\@'
     xil_printf(".........,@@@@@@@@@@@@@@@@@@@@@@@@@@@@@@...=@@@@@@@@@@@.....................................................\@@@@@@@@@@.......\n\r");
                ^~~~~~~~~~~~~~~~~~~~~~~~~~~~~~~~~~~~~~~~~~~~~~~~~~~~~~~~~~~~~~~~~~~~~~~~~~~~~~~~~~~~~~~~~~~~~~~~~~~~~~~~~~~~~~~~~~~~~~~~~~~~~~~~~~~~
../src/main.c:263:16: warning: unknown escape sequence: '\]'
     xil_printf("....../@@@@@@`................=@@@@@@@@@^..=@@@@@@@@@@@\]]]]]]]]]]]]]]]]]]`....,]]]]]]]]]]]]]]]]]]]]]]]]]]]]/@@@@@@@@@@@@`....\n\r");
                ^~~~~~~~~~~~~~~~~~~~~~~~~~~~~~~~~~~~~~~~~~~~~~~~~~~~~~~~~~~~~~~~~~~~~~~~~~~~~~~~~~~~~~~~~~~~~~~~~~~~~~~~~~~~~~~~~~~~~~~~~~~~~~~~~~~~
../src/main.c:265:16: warning: unknown escape sequence: '\@'
     xil_printf("...@@@@@@[.....................@@@@@@@@@/......,[@@@@@@@@@@@@@@@@@@@@@@@@@@.....\@@@@@@@@@@@@@@@@@@@@@@@@@@@@@@@@@@/[[`.......\n\r");
                ^~~~~~~~~~~~~~~~~~~~~~~~~~~~~~~~~~~~~~~~~~~~~~~~~~~~~~~~~~~~~~~~~~~~~~~~~~~~~~~~~~~~~~~~~~~~~~~~~~~~~~~~~~~~~~~~~~~~~~~~~~~~~~~~~~~~
../src/main.c: In function 'main':
../src/main.c:291:17: warning: unused variable 'pRMInfo' [-Wunused-variable]
   pr_tftp_rm_s *pRMInfo;
                 ^~~~~~~
../src/main.c:290:17: warning: unused variable 'pRPInfo' [-Wunused-variable]
   pr_tftp_rp_s *pRPInfo;
                 ^~~~~~~
Finished building: ../src/main.c
 
Building target: pr_app.elf
Invoking: MicroBlaze gcc linker
mb-gcc -Wl,-T -Wl,../src/lscript.ld -L../../lwip211_bsp/microblaze_0/lib -mlittle-endian -mcpu=v11.0 -mxl-soft-mul -Wl,--no-relax -Wl,--gc-sections -o "pr_app.elf"  ./src/pr_tftp_lib/pr_tftp.o  ./src/main.o ./src/platform.o ./src/platform_mb.o   -Wl,--start-group,-lxil,-lgcc,-lc,--end-group -Wl,--start-group,-lxil,-llwip4,-lgcc,-lc,--end-group
Finished building target: pr_app.elf
 
Invoking: MicroBlaze Print Size
mb-size pr_app.elf  |tee "pr_app.elf.size"
   text	   data	    bss	    dec	    hex	filename
 148000	   1976	 790936	 940912	  e5b70	pr_app.elf
Finished building: pr_app.elf.size
 
22:58:21 **** Incremental Build of configuration Debug for project pr_app ****
make all 
make: Nothing to be done for 'all'.
